Vivado Simulator 2020.2
Copyright 1986-1999, 2001-2020 Xilinx, Inc. All Rights Reserved.
Running: G:/vivado2/Vivado/2020.2/bin/unwrapped/win64.o/xelab.exe -wto 11eca4628a804144ad38b6a480c15992 --incr --debug typical --relax --mt 2 -L xil_defaultlib -L unisims_ver -L unimacro_ver -L secureip -L xpm --snapshot tb_hdmi_colorbar_top_behav xil_defaultlib.tb_hdmi_colorbar_top xil_defaultlib.glbl -log elaborate.log 
Using 2 slave threads.
Starting static elaboration
Pass Through NonSizing Optimizer
Completed static elaboration
Starting simulation data flow analysis
Completed simulation data flow analysis
Time Resolution for simulation is 1ps
Compiling module unisims_ver.IBUF
Compiling module unisims_ver.MMCME2_ADV(CLKFBOUT_MULT_F=22.5,...
Compiling module unisims_ver.BUFG
Compiling module xil_defaultlib.clk_wiz_0_clk_wiz
Compiling module xil_defaultlib.clk_wiz_0
Compiling module xil_defaultlib.video_driver
Compiling module xil_defaultlib.video_display
Compiling module xil_defaultlib.asyn_rst_syn
Compiling module xil_defaultlib.dvi_encoder
Compiling module unisims_ver.OSERDESE2(DATA_RATE_TQ="SDR",DAT...
Compiling module unisims_ver.OSERDESE2(DATA_RATE_TQ="SDR",DAT...
Compiling module xil_defaultlib.serializer_10_to_1
Compiling module unisims_ver.OBUFDS(IOSTANDARD="TMDS_33")
Compiling module xil_defaultlib.dvi_transmitter_top
Compiling module xil_defaultlib.hdmi_colorbar_top
Compiling module xil_defaultlib.tb_hdmi_colorbar_top
Compiling module xil_defaultlib.glbl
Built simulation snapshot tb_hdmi_colorbar_top_behav
