INFO: [VRFC 10-2263] Analyzing Verilog file "H:/linghangzhe/正点原子领航者(V2)ZYNQ开发板资料盘(A盘)/【新资料-Vivado_2020.2-持续更新中】正点原子领航者(V2)ZYNQ开发板资料盘(A盘)/4_Source_Code/1_FPGA_Design/ZYNQ_7010_FPGA/ZYNQ_7010_FPGA/23_hdmi_colorbar/prj/hdmi_color.gen/sources_1/ip/clk_wiz_0/clk_wiz_0_clk_wiz.v" into library xil_defaultlib
INFO: [VRFC 10-311] analyzing module clk_wiz_0_clk_wiz
INFO: [VRFC 10-2263] Analyzing Verilog file "H:/linghangzhe/正点原子领航者(V2)ZYNQ开发板资料盘(A盘)/【新资料-Vivado_2020.2-持续更新中】正点原子领航者(V2)ZYNQ开发板资料盘(A盘)/4_Source_Code/1_FPGA_Design/ZYNQ_7010_FPGA/ZYNQ_7010_FPGA/23_hdmi_colorbar/prj/hdmi_color.gen/sources_1/ip/clk_wiz_0/clk_wiz_0.v" into library xil_defaultlib
INFO: [VRFC 10-311] analyzing module clk_wiz_0
INFO: [VRFC 10-2263] Analyzing Verilog file "H:/linghangzhe/正点原子领航者(V2)ZYNQ开发板资料盘(A盘)/【新资料-Vivado_2020.2-持续更新中】正点原子领航者(V2)ZYNQ开发板资料盘(A盘)/4_Source_Code/1_FPGA_Design/ZYNQ_7010_FPGA/ZYNQ_7010_FPGA/23_hdmi_colorbar/rtl/asyn_rst_syn.v" into library xil_defaultlib
INFO: [VRFC 10-311] analyzing module asyn_rst_syn
INFO: [VRFC 10-2263] Analyzing Verilog file "H:/linghangzhe/正点原子领航者(V2)ZYNQ开发板资料盘(A盘)/【新资料-Vivado_2020.2-持续更新中】正点原子领航者(V2)ZYNQ开发板资料盘(A盘)/4_Source_Code/1_FPGA_Design/ZYNQ_7010_FPGA/ZYNQ_7010_FPGA/23_hdmi_colorbar/rtl/dvi_encoder.v" into library xil_defaultlib
INFO: [VRFC 10-311] analyzing module dvi_encoder
INFO: [VRFC 10-2263] Analyzing Verilog file "H:/linghangzhe/正点原子领航者(V2)ZYNQ开发板资料盘(A盘)/【新资料-Vivado_2020.2-持续更新中】正点原子领航者(V2)ZYNQ开发板资料盘(A盘)/4_Source_Code/1_FPGA_Design/ZYNQ_7010_FPGA/ZYNQ_7010_FPGA/23_hdmi_colorbar/rtl/dvi_transmitter_top.v" into library xil_defaultlib
INFO: [VRFC 10-311] analyzing module dvi_transmitter_top
INFO: [VRFC 10-2263] Analyzing Verilog file "H:/linghangzhe/正点原子领航者(V2)ZYNQ开发板资料盘(A盘)/【新资料-Vivado_2020.2-持续更新中】正点原子领航者(V2)ZYNQ开发板资料盘(A盘)/4_Source_Code/1_FPGA_Design/ZYNQ_7010_FPGA/ZYNQ_7010_FPGA/23_hdmi_colorbar/rtl/hdmi_colorbar_top.v" into library xil_defaultlib
INFO: [VRFC 10-311] analyzing module hdmi_colorbar_top
INFO: [VRFC 10-2263] Analyzing Verilog file "H:/linghangzhe/正点原子领航者(V2)ZYNQ开发板资料盘(A盘)/【新资料-Vivado_2020.2-持续更新中】正点原子领航者(V2)ZYNQ开发板资料盘(A盘)/4_Source_Code/1_FPGA_Design/ZYNQ_7010_FPGA/ZYNQ_7010_FPGA/23_hdmi_colorbar/rtl/serializer_10_to_1.v" into library xil_defaultlib
INFO: [VRFC 10-311] analyzing module serializer_10_to_1
INFO: [VRFC 10-2263] Analyzing Verilog file "H:/linghangzhe/正点原子领航者(V2)ZYNQ开发板资料盘(A盘)/【新资料-Vivado_2020.2-持续更新中】正点原子领航者(V2)ZYNQ开发板资料盘(A盘)/4_Source_Code/1_FPGA_Design/ZYNQ_7010_FPGA/ZYNQ_7010_FPGA/23_hdmi_colorbar/rtl/video_display.v" into library xil_defaultlib
INFO: [VRFC 10-311] analyzing module video_display
INFO: [VRFC 10-2263] Analyzing Verilog file "H:/linghangzhe/正点原子领航者(V2)ZYNQ开发板资料盘(A盘)/【新资料-Vivado_2020.2-持续更新中】正点原子领航者(V2)ZYNQ开发板资料盘(A盘)/4_Source_Code/1_FPGA_Design/ZYNQ_7010_FPGA/ZYNQ_7010_FPGA/23_hdmi_colorbar/rtl/video_driver.v" into library xil_defaultlib
INFO: [VRFC 10-311] analyzing module video_driver
INFO: [VRFC 10-2263] Analyzing Verilog file "H:/linghangzhe/正点原子领航者(V2)ZYNQ开发板资料盘(A盘)/【新资料-Vivado_2020.2-持续更新中】正点原子领航者(V2)ZYNQ开发板资料盘(A盘)/4_Source_Code/1_FPGA_Design/ZYNQ_7010_FPGA/ZYNQ_7010_FPGA/23_hdmi_colorbar/sim/tb_hdmi_colorbar_top.v" into library xil_defaultlib
INFO: [VRFC 10-311] analyzing module tb_hdmi_colorbar_top
INFO: [VRFC 10-2263] Analyzing Verilog file "H:/linghangzhe/正点原子领航者(V2)ZYNQ开发板资料盘(A盘)/【新资料-Vivado_2020.2-持续更新中】正点原子领航者(V2)ZYNQ开发板资料盘(A盘)/4_Source_Code/1_FPGA_Design/ZYNQ_7010_FPGA/ZYNQ_7010_FPGA/23_hdmi_colorbar/prj/hdmi_color.sim/sim_1/behav/xsim/glbl.v" into library xil_defaultlib
INFO: [VRFC 10-311] analyzing module glbl
