#-----------------------------------------------------------
# Vivado v2020.2 (64-bit)
# SW Build 3064766 on Wed Nov 18 09:12:45 MST 2020
# IP Build 3064653 on Wed Nov 18 14:17:31 MST 2020
# Start of session at: Wed Dec 24 21:10:34 2025
# Process ID: 40152
# Current directory: D:/FPGA/FPGA/digital_logic/ov7670_VGA/ov7670_VGA
# Command line: vivado.exe -gui_launcher_event rodinguilauncherevent33596 D:\FPGA\FPGA\digital_logic\ov7670_VGA\ov7670_VGA\ov7670_VGA.xpr
# Log file: D:/FPGA/FPGA/digital_logic/ov7670_VGA/ov7670_VGA/vivado.log
# Journal file: D:/FPGA/FPGA/digital_logic/ov7670_VGA/ov7670_VGA\vivado.jou
#-----------------------------------------------------------
start_gui
open_project D:/FPGA/FPGA/digital_logic/ov7670_VGA/ov7670_VGA/ov7670_VGA.xpr
Scanning sources...
Finished scanning sources
INFO: [IP_Flow 19-234] Refreshing IP repositories
WARNING: [IP_Flow 19-395] Problem validating against XML schema: see 'xilinx:packagingInfo' : Bad end of element
CRITICAL WARNING: [IP_Flow 19-1977] Unable to read IP file d:/FPGA/FPGA/fpga学习资料/vivado-library-master/vivado-library-master/ip/Zmods/ZmodDigitizerController/component.xml. This IP will not be included in the IP Catalog.
WARNING: [IP_Flow 19-395] Problem validating against XML schema: see 'xilinx:packagingInfo' : Bad end of element
CRITICAL WARNING: [IP_Flow 19-1977] Unable to read IP file d:/FPGA/FPGA/fpga学习资料/vivado-library-master/vivado-library-master/ip/Zmods/ZmodSDRController/component.xml. This IP will not be included in the IP Catalog.
INFO: [IP_Flow 19-1700] Loaded user IP repository 'd:/FPGA/FPGA/fpga学习资料/vivado-library-master/vivado-library-master'.
INFO: [IP_Flow 19-2313] Loaded Vivado IP repository 'D:/xilinx_down/Vivado/2020.2/data/ip'.
open_project: Time (s): cpu = 00:00:31 ; elapsed = 00:00:28 . Memory (MB): peak = 1094.863 ; gain = 0.000
update_compile_order -fileset sources_1
exit
INFO: [Common 17-206] Exiting Vivado at Wed Dec 24 22:06:19 2025...
