#-----------------------------------------------------------
# Vivado v2020.2 (64-bit)
# SW Build 3064766 on Wed Nov 18 09:12:45 MST 2020
# IP Build 3064653 on Wed Nov 18 14:17:31 MST 2020
# Start of session at: Sat Dec 20 15:52:37 2025
# Process ID: 72412
# Current directory: D:/FPGA/FPGA/digital_logic/ov7670_VGA/ov7670_VGA
# Command line: vivado.exe -gui_launcher_event rodinguilauncherevent34684 D:\FPGA\FPGA\digital_logic\ov7670_VGA\ov7670_VGA\ov7670_VGA.xpr
# Log file: D:/FPGA/FPGA/digital_logic/ov7670_VGA/ov7670_VGA/vivado.log
# Journal file: D:/FPGA/FPGA/digital_logic/ov7670_VGA/ov7670_VGA\vivado.jou
#-----------------------------------------------------------
start_gui
open_project D:/FPGA/FPGA/digital_logic/ov7670_VGA/ov7670_VGA/ov7670_VGA.xpr
Scanning sources...
Finished scanning sources
INFO: [IP_Flow 19-234] Refreshing IP repositories
INFO: [IP_Flow 19-1700] Loaded user IP repository 'd:/FPGA/FPGA/fpga学习资料/vivado-library-master/vivado-library-master/ip/rgb2dvi'.
INFO: [IP_Flow 19-2313] Loaded Vivado IP repository 'D:/xilinx_down/Vivado/2020.2/data/ip'.
open_project: Time (s): cpu = 00:00:08 ; elapsed = 00:00:07 . Memory (MB): peak = 1088.770 ; gain = 0.000
open_bd_design {D:/FPGA/FPGA/digital_logic/ov7670_VGA/ov7670_VGA/ov7670_VGA.srcs/sources_1/bd/ov7670_capture/ov7670_capture.bd}
Reading block design file <D:/FPGA/FPGA/digital_logic/ov7670_VGA/ov7670_VGA/ov7670_VGA.srcs/sources_1/bd/ov7670_capture/ov7670_capture.bd>...
Adding component instance block -- xilinx.com:ip:processing_system7:5.5 - processing_system7_0
Adding component instance block -- xilinx.com:ip:v_tc:6.2 - v_tc_0
Adding component instance block -- xilinx.com:ip:v_axi4s_vid_out:4.0 - v_axi4s_vid_out_0
Adding component instance block -- digilentinc.com:ip:rgb2dvi:1.4 - rgb2dvi_0
CRITICAL WARNING: [BD 41-51] Could not find bus definition for the interface: TMDS 
CRITICAL WARNING: [BD 41-49] Could not find abstraction definition for the interface: TMDS 
CRITICAL WARNING: [BD 41-49] Could not find abstraction definition for the interface: TMDS 
Adding component instance block -- xilinx.com:ip:clk_wiz:6.0 - clk_wiz_0
Adding component instance block -- xilinx.com:ip:axi_interconnect:2.1 - ps7_0_axi_periph
Adding component instance block -- xilinx.com:ip:axi_protocol_converter:2.1 - auto_pc
Adding component instance block -- xilinx.com:ip:proc_sys_reset:5.0 - rst_ps7_0_100M
Adding component instance block -- xilinx.com:ip:axi_interconnect:2.1 - axi_mem_intercon
Adding component instance block -- xilinx.com:ip:axi_crossbar:2.1 - xbar
Adding component instance block -- xilinx.com:ip:axi_protocol_converter:2.1 - auto_pc
Adding component instance block -- xilinx.com:ip:axi_vdma:6.3 - axi_vdma_0
Adding component instance block -- xilinx.com:module_ref:ov7670_driver:1.0 - ov7670_driver_0
Successfully read diagram <ov7670_capture> from block design file <D:/FPGA/FPGA/digital_logic/ov7670_VGA/ov7670_VGA/ov7670_VGA.srcs/sources_1/bd/ov7670_capture/ov7670_capture.bd>
open_bd_design: Time (s): cpu = 00:00:05 ; elapsed = 00:00:06 . Memory (MB): peak = 1088.770 ; gain = 0.000
update_compile_order -fileset sources_1
validate_bd_design -force
CRITICAL WARNING: [BD 41-967] AXI interface pin /ov7670_driver_0/m_axis is not associated to any clock pin. It may not work correctly.
INFO: [xilinx.com:ip:clk_wiz:6.0-1] /clk_wiz_0 clk_wiz propagate
INFO: [xilinx.com:ip:axi_vdma:6.3-15] /axi_vdma_0 
                    All clocks connected to AXI VDMA are not identical, therefore configuring AXI-VDMA in ASYNC mode.
CRITICAL WARNING: [BD 41-237] Bus Interface property TDATA_NUM_BYTES does not match between /v_axi4s_vid_out_0/video_in(3) and /axi_vdma_0/M_AXIS_MM2S(2)
WARNING: [BD 41-1271] The connection to the pin: /v_tc_0/active_video_out has been overridden by the user. This pin will not be connected as a part of the interface connection: v_tc_0_vtiming_out 
WARNING: [BD 41-1271] The connection to the pin: /v_tc_0/hsync_out has been overridden by the user. This pin will not be connected as a part of the interface connection: v_tc_0_vtiming_out 
WARNING: [BD 41-1271] The connection to the pin: /v_tc_0/vblank_out has been overridden by the user. This pin will not be connected as a part of the interface connection: v_tc_0_vtiming_out 
WARNING: [BD 41-1271] The connection to the pin: /v_tc_0/vsync_out has been overridden by the user. This pin will not be connected as a part of the interface connection: v_tc_0_vtiming_out 
CRITICAL WARNING: [BD 41-49] Could not find abstraction definition for the interface: TMDS 
delete_bd_objs [get_bd_intf_nets axi_vdma_0_M_AXIS_MM2S]
startgroup
create_bd_cell -type ip -vlnv xilinx.com:ip:axis_subset_converter:1.1 axis_subset_converter_0
endgroup
connect_bd_intf_net [get_bd_intf_pins axi_vdma_0/M_AXIS_MM2S] [get_bd_intf_pins axis_subset_converter_0/S_AXIS]
connect_bd_intf_net [get_bd_intf_pins axis_subset_converter_0/M_AXIS] [get_bd_intf_pins v_axi4s_vid_out_0/video_in]
connect_bd_net [get_bd_pins axis_subset_converter_0/aclk] [get_bd_pins processing_system7_0/FCLK_CLK0]
connect_bd_net [get_bd_pins axis_subset_converter_0/aresetn] [get_bd_pins rst_ps7_0_100M/peripheral_aresetn]
validate_bd_design
CRITICAL WARNING: [BD 41-967] AXI interface pin /ov7670_driver_0/m_axis is not associated to any clock pin. It may not work correctly.
INFO: [xilinx.com:ip:clk_wiz:6.0-1] /clk_wiz_0 clk_wiz propagate
INFO: [xilinx.com:ip:axi_vdma:6.3-15] /axi_vdma_0 
                    All clocks connected to AXI VDMA are not identical, therefore configuring AXI-VDMA in ASYNC mode.
CRITICAL WARNING: [BD 41-237] Bus Interface property TDATA_NUM_BYTES does not match between /v_axi4s_vid_out_0/video_in(3) and /axis_subset_converter_0/M_AXIS(2)
WARNING: [BD 41-1271] The connection to the pin: /v_tc_0/active_video_out has been overridden by the user. This pin will not be connected as a part of the interface connection: v_tc_0_vtiming_out 
WARNING: [BD 41-1271] The connection to the pin: /v_tc_0/hsync_out has been overridden by the user. This pin will not be connected as a part of the interface connection: v_tc_0_vtiming_out 
WARNING: [BD 41-1271] The connection to the pin: /v_tc_0/vblank_out has been overridden by the user. This pin will not be connected as a part of the interface connection: v_tc_0_vtiming_out 
WARNING: [BD 41-1271] The connection to the pin: /v_tc_0/vsync_out has been overridden by the user. This pin will not be connected as a part of the interface connection: v_tc_0_vtiming_out 
CRITICAL WARNING: [BD 41-49] Could not find abstraction definition for the interface: TMDS 
validate_bd_design -force
CRITICAL WARNING: [BD 41-967] AXI interface pin /ov7670_driver_0/m_axis is not associated to any clock pin. It may not work correctly.
INFO: [xilinx.com:ip:clk_wiz:6.0-1] /clk_wiz_0 clk_wiz propagate
INFO: [xilinx.com:ip:axi_vdma:6.3-15] /axi_vdma_0 
                    All clocks connected to AXI VDMA are not identical, therefore configuring AXI-VDMA in ASYNC mode.
CRITICAL WARNING: [BD 41-237] Bus Interface property TDATA_NUM_BYTES does not match between /v_axi4s_vid_out_0/video_in(3) and /axis_subset_converter_0/M_AXIS(2)
WARNING: [BD 41-1271] The connection to the pin: /v_tc_0/active_video_out has been overridden by the user. This pin will not be connected as a part of the interface connection: v_tc_0_vtiming_out 
WARNING: [BD 41-1271] The connection to the pin: /v_tc_0/hsync_out has been overridden by the user. This pin will not be connected as a part of the interface connection: v_tc_0_vtiming_out 
WARNING: [BD 41-1271] The connection to the pin: /v_tc_0/vblank_out has been overridden by the user. This pin will not be connected as a part of the interface connection: v_tc_0_vtiming_out 
WARNING: [BD 41-1271] The connection to the pin: /v_tc_0/vsync_out has been overridden by the user. This pin will not be connected as a part of the interface connection: v_tc_0_vtiming_out 
CRITICAL WARNING: [BD 41-49] Could not find abstraction definition for the interface: TMDS 
startgroup
set_property -dict [list CONFIG.M_TDATA_NUM_BYTES.VALUE_SRC USER] [get_bd_cells axis_subset_converter_0]
set_property -dict [list CONFIG.M_TDATA_NUM_BYTES {3} CONFIG.TDATA_REMAP {tdata[15:11],3'b0,tdata[10:5],2'b0,tdata[4:0],3'b0} CONFIG.TKEEP_REMAP {1'b1,tkeep[1:0]}] [get_bd_cells axis_subset_converter_0]
endgroup
validate_bd_design
CRITICAL WARNING: [BD 41-967] AXI interface pin /ov7670_driver_0/m_axis is not associated to any clock pin. It may not work correctly.
INFO: [xilinx.com:ip:clk_wiz:6.0-1] /clk_wiz_0 clk_wiz propagate
INFO: [xilinx.com:ip:axi_vdma:6.3-15] /axi_vdma_0 
                    All clocks connected to AXI VDMA are not identical, therefore configuring AXI-VDMA in ASYNC mode.
WARNING: [BD 41-1271] The connection to the pin: /v_tc_0/active_video_out has been overridden by the user. This pin will not be connected as a part of the interface connection: v_tc_0_vtiming_out 
WARNING: [BD 41-1271] The connection to the pin: /v_tc_0/hsync_out has been overridden by the user. This pin will not be connected as a part of the interface connection: v_tc_0_vtiming_out 
WARNING: [BD 41-1271] The connection to the pin: /v_tc_0/vblank_out has been overridden by the user. This pin will not be connected as a part of the interface connection: v_tc_0_vtiming_out 
WARNING: [BD 41-1271] The connection to the pin: /v_tc_0/vsync_out has been overridden by the user. This pin will not be connected as a part of the interface connection: v_tc_0_vtiming_out 
CRITICAL WARNING: [BD 41-49] Could not find abstraction definition for the interface: TMDS 
update_module_reference ov7670_capture_ov7670_driver_0_0
INFO: [IP_Flow 19-5107] Inferred bus interface 'm_axis' of definition 'xilinx.com:interface:axis:1.0' (from Xilinx Repository).
INFO: [IP_Flow 19-5107] Inferred bus interface 'rst_n' of definition 'xilinx.com:signal:reset:1.0' (from Xilinx Repository).
INFO: [IP_Flow 19-4728] Bus Interface 'rst_n': Added interface parameter 'POLARITY' with value 'ACTIVE_LOW'.
WARNING: [IP_Flow 19-3158] Bus Interface 'm_axis': FREQ_HZ bus parameter missing from AXI interface when interface is not associated to a clock.
WARNING: [IP_Flow 19-3157] Bus Interface 'rst_n': Bus parameter POLARITY is ACTIVE_LOW but port 'rst_n' is not *resetn - please double check the POLARITY setting.
INFO: [IP_Flow 19-234] Refreshing IP repositories
INFO: [IP_Flow 19-1700] Loaded user IP repository 'd:/FPGA/FPGA/fpga学习资料/vivado-library-master/vivado-library-master/ip/rgb2dvi'.
Upgrading 'D:/FPGA/FPGA/digital_logic/ov7670_VGA/ov7670_VGA/ov7670_VGA.srcs/sources_1/bd/ov7670_capture/ov7670_capture.bd'
INFO: [IP_Flow 19-1972] Upgraded ov7670_capture_ov7670_driver_0_0 from ov7670_driver_v1_0 1.0 to ov7670_driver_v1_0 1.0
Wrote  : <D:\FPGA\FPGA\digital_logic\ov7670_VGA\ov7670_VGA\ov7670_VGA.srcs\sources_1\bd\ov7670_capture\ov7670_capture.bd> 
Wrote  : <D:/FPGA/FPGA/digital_logic/ov7670_VGA/ov7670_VGA/ov7670_VGA.srcs/sources_1/bd/ov7670_capture/ui/bd_61e34f86.ui> 
validate_bd_design
CRITICAL WARNING: [BD 41-967] AXI interface pin /ov7670_driver_0/m_axis is not associated to any clock pin. It may not work correctly.
INFO: [xilinx.com:ip:clk_wiz:6.0-1] /clk_wiz_0 clk_wiz propagate
INFO: [xilinx.com:ip:axi_vdma:6.3-15] /axi_vdma_0 
                    All clocks connected to AXI VDMA are not identical, therefore configuring AXI-VDMA in ASYNC mode.
WARNING: [BD 41-1271] The connection to the pin: /v_tc_0/active_video_out has been overridden by the user. This pin will not be connected as a part of the interface connection: v_tc_0_vtiming_out 
WARNING: [BD 41-1271] The connection to the pin: /v_tc_0/hsync_out has been overridden by the user. This pin will not be connected as a part of the interface connection: v_tc_0_vtiming_out 
WARNING: [BD 41-1271] The connection to the pin: /v_tc_0/vblank_out has been overridden by the user. This pin will not be connected as a part of the interface connection: v_tc_0_vtiming_out 
WARNING: [BD 41-1271] The connection to the pin: /v_tc_0/vsync_out has been overridden by the user. This pin will not be connected as a part of the interface connection: v_tc_0_vtiming_out 
CRITICAL WARNING: [BD 41-49] Could not find abstraction definition for the interface: TMDS 
startgroup
make_bd_intf_pins_external  [get_bd_intf_pins rgb2dvi_0/TMDS]
CRITICAL WARNING: [BD 41-52] Could not find the abstraction definition specified by the vlnv: digilentinc.com:interface:tmds_rtl:1.0 
CRITICAL WARNING: [BD 41-181] Type specified by the VLNV: 'digilentinc.com:interface:tmds_rtl:1.0', cannot be found. Interface port: 'TMDS_0' cannot be created
CRITICAL WARNING: [BD 41-52] Could not find the abstraction definition specified by the vlnv: digilentinc.com:interface:tmds_rtl:1.0 
CRITICAL WARNING: [BD 41-181] Type specified by the VLNV: 'digilentinc.com:interface:tmds_rtl:1.0', cannot be found. Interface port: 'TMDS_0' cannot be created
endgroup
set_property  ip_repo_paths  {} [current_project]
update_ip_catalog
INFO: [IP_Flow 19-234] Refreshing IP repositories
INFO: [IP_Flow 19-1704] No user IP repositories specified
set_property  ip_repo_paths  D:/FPGA/FPGA/fpga学习资料/vivado-library-master/vivado-library-master [current_project]
update_ip_catalog
INFO: [IP_Flow 19-234] Refreshing IP repositories
WARNING: [IP_Flow 19-395] Problem validating against XML schema: see 'xilinx:packagingInfo' : Bad end of element
CRITICAL WARNING: [IP_Flow 19-1977] Unable to read IP file d:/FPGA/FPGA/fpga学习资料/vivado-library-master/vivado-library-master/ip/Zmods/ZmodDigitizerController/component.xml. This IP will not be included in the IP Catalog.
WARNING: [IP_Flow 19-395] Problem validating against XML schema: see 'xilinx:packagingInfo' : Bad end of element
CRITICAL WARNING: [IP_Flow 19-1977] Unable to read IP file d:/FPGA/FPGA/fpga学习资料/vivado-library-master/vivado-library-master/ip/Zmods/ZmodSDRController/component.xml. This IP will not be included in the IP Catalog.
INFO: [IP_Flow 19-1700] Loaded user IP repository 'd:/FPGA/FPGA/fpga学习资料/vivado-library-master/vivado-library-master'.
startgroup
make_bd_pins_external  [get_bd_cells rgb2dvi_0]
make_bd_intf_pins_external  [get_bd_cells rgb2dvi_0]
endgroup
validate_bd_design
CRITICAL WARNING: [BD 41-967] AXI interface pin /ov7670_driver_0/m_axis is not associated to any clock pin. It may not work correctly.
INFO: [xilinx.com:ip:clk_wiz:6.0-1] /clk_wiz_0 clk_wiz propagate
INFO: [xilinx.com:ip:axi_vdma:6.3-15] /axi_vdma_0 
                    All clocks connected to AXI VDMA are not identical, therefore configuring AXI-VDMA in ASYNC mode.
WARNING: [BD 41-1271] The connection to the pin: /v_tc_0/active_video_out has been overridden by the user. This pin will not be connected as a part of the interface connection: v_tc_0_vtiming_out 
WARNING: [BD 41-1271] The connection to the pin: /v_tc_0/hsync_out has been overridden by the user. This pin will not be connected as a part of the interface connection: v_tc_0_vtiming_out 
WARNING: [BD 41-1271] The connection to the pin: /v_tc_0/vblank_out has been overridden by the user. This pin will not be connected as a part of the interface connection: v_tc_0_vtiming_out 
WARNING: [BD 41-1271] The connection to the pin: /v_tc_0/vsync_out has been overridden by the user. This pin will not be connected as a part of the interface connection: v_tc_0_vtiming_out 
connect_bd_net [get_bd_pins v_tc_0/resetn] [get_bd_pins rst_ps7_0_100M/peripheral_aresetn]
WARNING: [Boardtcl 53-1] No current board_part set.
WARNING: [Boardtcl 53-1] No current board_part set.
apply_bd_automation -rule xilinx.com:bd_rule:processing_system7 -config {make_external "FIXED_IO, DDR" Master "Disable" Slave "Disable" }  [get_bd_cells processing_system7_0]
generate_target all [get_files  D:/FPGA/FPGA/digital_logic/ov7670_VGA/ov7670_VGA/ov7670_VGA.srcs/sources_1/bd/ov7670_capture/ov7670_capture.bd]
CRITICAL WARNING: [BD 41-967] AXI interface pin /ov7670_driver_0/m_axis is not associated to any clock pin. It may not work correctly.
CRITICAL WARNING: [BD 41-1343] Reset pin /v_tc_0/resetn (associated clock /v_tc_0/clk) is connected to reset source /rst_ps7_0_100M/peripheral_aresetn (synchronous to clock source /processing_system7_0/FCLK_CLK0).
This may prevent design from meeting timing. Please add Processor System Reset module to create a reset that is synchronous to the associated clock source /clk_wiz_0/clk_out1.
INFO: [xilinx.com:ip:clk_wiz:6.0-1] /clk_wiz_0 clk_wiz propagate
INFO: [xilinx.com:ip:axi_vdma:6.3-15] /axi_vdma_0 
                    All clocks connected to AXI VDMA are not identical, therefore configuring AXI-VDMA in ASYNC mode.
WARNING: [BD 41-1271] The connection to the pin: /v_tc_0/active_video_out has been overridden by the user. This pin will not be connected as a part of the interface connection: v_tc_0_vtiming_out 
WARNING: [BD 41-1271] The connection to the pin: /v_tc_0/hsync_out has been overridden by the user. This pin will not be connected as a part of the interface connection: v_tc_0_vtiming_out 
WARNING: [BD 41-1271] The connection to the pin: /v_tc_0/vblank_out has been overridden by the user. This pin will not be connected as a part of the interface connection: v_tc_0_vtiming_out 
WARNING: [BD 41-1271] The connection to the pin: /v_tc_0/vsync_out has been overridden by the user. This pin will not be connected as a part of the interface connection: v_tc_0_vtiming_out 
Wrote  : <D:\FPGA\FPGA\digital_logic\ov7670_VGA\ov7670_VGA\ov7670_VGA.srcs\sources_1\bd\ov7670_capture\ov7670_capture.bd> 
Wrote  : <D:/FPGA/FPGA/digital_logic/ov7670_VGA/ov7670_VGA/ov7670_VGA.srcs/sources_1/bd/ov7670_capture/ui/bd_61e34f86.ui> 
WARNING: [BD 41-2384] Width mismatch when connecting pin: '/axi_mem_intercon/m00_couplers/auto_pc/m_axi_rid'(1) to pin: '/axi_mem_intercon/m00_couplers/M_AXI_rid'(6) - Only lower order bits will be connected.
WARNING: [BD 41-2384] Width mismatch when connecting pin: '/axi_mem_intercon/m00_couplers/auto_pc/m_axi_bid'(1) to pin: '/axi_mem_intercon/m00_couplers/M_AXI_bid'(6) - Only lower order bits will be connected.
WARNING: [BD 41-2384] Width mismatch when connecting pin: '/processing_system7_0/S_AXI_HP0_AWID'(6) to pin: '/axi_mem_intercon/M00_AXI_awid'(1) - Only lower order bits will be connected.
WARNING: [BD 41-2384] Width mismatch when connecting pin: '/processing_system7_0/S_AXI_HP0_ARID'(6) to pin: '/axi_mem_intercon/M00_AXI_arid'(1) - Only lower order bits will be connected.
WARNING: [BD 41-2384] Width mismatch when connecting pin: '/processing_system7_0/S_AXI_HP0_WID'(6) to pin: '/axi_mem_intercon/M00_AXI_wid'(1) - Only lower order bits will be connected.
VHDL Output written to : d:/FPGA/FPGA/digital_logic/ov7670_VGA/ov7670_VGA/ov7670_VGA.gen/sources_1/bd/ov7670_capture/synth/ov7670_capture.v
WARNING: [BD 41-2384] Width mismatch when connecting pin: '/axi_mem_intercon/m00_couplers/auto_pc/m_axi_rid'(1) to pin: '/axi_mem_intercon/m00_couplers/M_AXI_rid'(6) - Only lower order bits will be connected.
WARNING: [BD 41-2384] Width mismatch when connecting pin: '/axi_mem_intercon/m00_couplers/auto_pc/m_axi_bid'(1) to pin: '/axi_mem_intercon/m00_couplers/M_AXI_bid'(6) - Only lower order bits will be connected.
WARNING: [BD 41-2384] Width mismatch when connecting pin: '/processing_system7_0/S_AXI_HP0_AWID'(6) to pin: '/axi_mem_intercon/M00_AXI_awid'(1) - Only lower order bits will be connected.
WARNING: [BD 41-2384] Width mismatch when connecting pin: '/processing_system7_0/S_AXI_HP0_ARID'(6) to pin: '/axi_mem_intercon/M00_AXI_arid'(1) - Only lower order bits will be connected.
WARNING: [BD 41-2384] Width mismatch when connecting pin: '/processing_system7_0/S_AXI_HP0_WID'(6) to pin: '/axi_mem_intercon/M00_AXI_wid'(1) - Only lower order bits will be connected.
VHDL Output written to : d:/FPGA/FPGA/digital_logic/ov7670_VGA/ov7670_VGA/ov7670_VGA.gen/sources_1/bd/ov7670_capture/sim/ov7670_capture.v
VHDL Output written to : d:/FPGA/FPGA/digital_logic/ov7670_VGA/ov7670_VGA/ov7670_VGA.gen/sources_1/bd/ov7670_capture/hdl/ov7670_capture_wrapper.v
WARNING: [IP_Flow 19-5611] Unable to find an associated reset port for the interface 'M_AXI_GP0'. A default connection has been created.
WARNING: [IP_Flow 19-5611] Unable to find an associated reset port for the interface 'S_AXI_HP0'. A default connection has been created.
INFO: [BD 41-1029] Generation completed for the IP Integrator block processing_system7_0 .
INFO: [BD 41-1029] Generation completed for the IP Integrator block v_tc_0 .
INFO: [BD 41-1029] Generation completed for the IP Integrator block v_axi4s_vid_out_0 .
INFO: [BD 41-1029] Generation completed for the IP Integrator block rgb2dvi_0 .
INFO: [BD 41-1029] Generation completed for the IP Integrator block clk_wiz_0 .
INFO: [BD 41-1029] Generation completed for the IP Integrator block rst_ps7_0_100M .
INFO: [BD 41-1029] Generation completed for the IP Integrator block axi_mem_intercon/xbar .
WARNING: [IP_Flow 19-4994] Overwriting existing constraint file 'd:/FPGA/FPGA/digital_logic/ov7670_VGA/ov7670_VGA/ov7670_VGA.gen/sources_1/bd/ov7670_capture/ip/ov7670_capture_axi_vdma_0_3/ov7670_capture_axi_vdma_0_3_ooc.xdc'
INFO: [BD 41-1029] Generation completed for the IP Integrator block axi_vdma_0 .
INFO: [BD 41-1029] Generation completed for the IP Integrator block ov7670_driver_0 .
WARNING: [IP_Flow 19-4994] Overwriting existing constraint file 'd:/FPGA/FPGA/digital_logic/ov7670_VGA/ov7670_VGA/ov7670_VGA.gen/sources_1/bd/ov7670_capture/ip/ov7670_capture_axis_subset_converter_0_0/ov7670_capture_axis_subset_converter_0_0_ooc.xdc'
INFO: [BD 41-1029] Generation completed for the IP Integrator block axis_subset_converter_0 .
WARNING: [IP_Flow 19-4994] Overwriting existing constraint file 'd:/FPGA/FPGA/digital_logic/ov7670_VGA/ov7670_VGA/ov7670_VGA.gen/sources_1/bd/ov7670_capture/ip/ov7670_capture_auto_pc_0/ov7670_capture_auto_pc_0_ooc.xdc'
INFO: [BD 41-1029] Generation completed for the IP Integrator block ps7_0_axi_periph/s00_couplers/auto_pc .
WARNING: [IP_Flow 19-4994] Overwriting existing constraint file 'd:/FPGA/FPGA/digital_logic/ov7670_VGA/ov7670_VGA/ov7670_VGA.gen/sources_1/bd/ov7670_capture/ip/ov7670_capture_auto_pc_1/ov7670_capture_auto_pc_1_ooc.xdc'
INFO: [BD 41-1029] Generation completed for the IP Integrator block axi_mem_intercon/m00_couplers/auto_pc .
Exporting to file d:/FPGA/FPGA/digital_logic/ov7670_VGA/ov7670_VGA/ov7670_VGA.gen/sources_1/bd/ov7670_capture/hw_handoff/ov7670_capture.hwh
Generated Block Design Tcl file d:/FPGA/FPGA/digital_logic/ov7670_VGA/ov7670_VGA/ov7670_VGA.gen/sources_1/bd/ov7670_capture/hw_handoff/ov7670_capture_bd.tcl
Generated Hardware Definition File d:/FPGA/FPGA/digital_logic/ov7670_VGA/ov7670_VGA/ov7670_VGA.gen/sources_1/bd/ov7670_capture/synth/ov7670_capture.hwdef
WARNING: [BD 41-2265] Clock pin for protocol instance pin m_axis could not be determined. Make sure that ASSOCIATED_BUSIF and ASSOCIATED_RESET properties are set or propagated on clock pins of block /ov7670_driver_0
generate_target: Time (s): cpu = 00:00:17 ; elapsed = 00:00:24 . Memory (MB): peak = 1579.305 ; gain = 222.270
catch { config_ip_cache -export [get_ips -all ov7670_capture_processing_system7_0_0] }
catch { config_ip_cache -export [get_ips -all ov7670_capture_v_tc_0_0] }
catch { config_ip_cache -export [get_ips -all ov7670_capture_v_axi4s_vid_out_0_0] }
catch { config_ip_cache -export [get_ips -all ov7670_capture_rgb2dvi_0_0] }
catch { config_ip_cache -export [get_ips -all ov7670_capture_clk_wiz_0_0] }
catch { config_ip_cache -export [get_ips -all ov7670_capture_rst_ps7_0_100M_0] }
catch { config_ip_cache -export [get_ips -all ov7670_capture_xbar_0] }
catch { config_ip_cache -export [get_ips -all ov7670_capture_axi_vdma_0_3] }
catch { config_ip_cache -export [get_ips -all ov7670_capture_axis_subset_converter_0_0] }
catch { config_ip_cache -export [get_ips -all ov7670_capture_auto_pc_0] }
catch { config_ip_cache -export [get_ips -all ov7670_capture_auto_pc_1] }
export_ip_user_files -of_objects [get_files D:/FPGA/FPGA/digital_logic/ov7670_VGA/ov7670_VGA/ov7670_VGA.srcs/sources_1/bd/ov7670_capture/ov7670_capture.bd] -no_script -sync -force -quiet
create_ip_run [get_files -of_objects [get_fileset sources_1] D:/FPGA/FPGA/digital_logic/ov7670_VGA/ov7670_VGA/ov7670_VGA.srcs/sources_1/bd/ov7670_capture/ov7670_capture.bd]
launch_runs ov7670_capture_processing_system7_0_0_synth_1 ov7670_capture_v_tc_0_0_synth_1 ov7670_capture_v_axi4s_vid_out_0_0_synth_1 ov7670_capture_rgb2dvi_0_0_synth_1 ov7670_capture_clk_wiz_0_0_synth_1 ov7670_capture_rst_ps7_0_100M_0_synth_1 ov7670_capture_xbar_0_synth_1 ov7670_capture_axi_vdma_0_3_synth_1 ov7670_capture_ov7670_driver_0_0_synth_1 ov7670_capture_axis_subset_converter_0_0_synth_1 ov7670_capture_auto_pc_0_synth_1 ov7670_capture_auto_pc_1_synth_1 -jobs 8
[Sat Dec 20 17:07:53 2025] Launched ov7670_capture_processing_system7_0_0_synth_1, ov7670_capture_v_tc_0_0_synth_1, ov7670_capture_v_axi4s_vid_out_0_0_synth_1, ov7670_capture_rgb2dvi_0_0_synth_1, ov7670_capture_clk_wiz_0_0_synth_1, ov7670_capture_rst_ps7_0_100M_0_synth_1, ov7670_capture_xbar_0_synth_1, ov7670_capture_axi_vdma_0_3_synth_1, ov7670_capture_ov7670_driver_0_0_synth_1, ov7670_capture_axis_subset_converter_0_0_synth_1, ov7670_capture_auto_pc_0_synth_1, ov7670_capture_auto_pc_1_synth_1...
Run output will be captured here:
ov7670_capture_processing_system7_0_0_synth_1: D:/FPGA/FPGA/digital_logic/ov7670_VGA/ov7670_VGA/ov7670_VGA.runs/ov7670_capture_processing_system7_0_0_synth_1/runme.log
ov7670_capture_v_tc_0_0_synth_1: D:/FPGA/FPGA/digital_logic/ov7670_VGA/ov7670_VGA/ov7670_VGA.runs/ov7670_capture_v_tc_0_0_synth_1/runme.log
ov7670_capture_v_axi4s_vid_out_0_0_synth_1: D:/FPGA/FPGA/digital_logic/ov7670_VGA/ov7670_VGA/ov7670_VGA.runs/ov7670_capture_v_axi4s_vid_out_0_0_synth_1/runme.log
ov7670_capture_rgb2dvi_0_0_synth_1: D:/FPGA/FPGA/digital_logic/ov7670_VGA/ov7670_VGA/ov7670_VGA.runs/ov7670_capture_rgb2dvi_0_0_synth_1/runme.log
ov7670_capture_clk_wiz_0_0_synth_1: D:/FPGA/FPGA/digital_logic/ov7670_VGA/ov7670_VGA/ov7670_VGA.runs/ov7670_capture_clk_wiz_0_0_synth_1/runme.log
ov7670_capture_rst_ps7_0_100M_0_synth_1: D:/FPGA/FPGA/digital_logic/ov7670_VGA/ov7670_VGA/ov7670_VGA.runs/ov7670_capture_rst_ps7_0_100M_0_synth_1/runme.log
ov7670_capture_xbar_0_synth_1: D:/FPGA/FPGA/digital_logic/ov7670_VGA/ov7670_VGA/ov7670_VGA.runs/ov7670_capture_xbar_0_synth_1/runme.log
ov7670_capture_axi_vdma_0_3_synth_1: D:/FPGA/FPGA/digital_logic/ov7670_VGA/ov7670_VGA/ov7670_VGA.runs/ov7670_capture_axi_vdma_0_3_synth_1/runme.log
ov7670_capture_ov7670_driver_0_0_synth_1: D:/FPGA/FPGA/digital_logic/ov7670_VGA/ov7670_VGA/ov7670_VGA.runs/ov7670_capture_ov7670_driver_0_0_synth_1/runme.log
ov7670_capture_axis_subset_converter_0_0_synth_1: D:/FPGA/FPGA/digital_logic/ov7670_VGA/ov7670_VGA/ov7670_VGA.runs/ov7670_capture_axis_subset_converter_0_0_synth_1/runme.log
ov7670_capture_auto_pc_0_synth_1: D:/FPGA/FPGA/digital_logic/ov7670_VGA/ov7670_VGA/ov7670_VGA.runs/ov7670_capture_auto_pc_0_synth_1/runme.log
ov7670_capture_auto_pc_1_synth_1: D:/FPGA/FPGA/digital_logic/ov7670_VGA/ov7670_VGA/ov7670_VGA.runs/ov7670_capture_auto_pc_1_synth_1/runme.log
export_simulation -of_objects [get_files D:/FPGA/FPGA/digital_logic/ov7670_VGA/ov7670_VGA/ov7670_VGA.srcs/sources_1/bd/ov7670_capture/ov7670_capture.bd] -directory D:/FPGA/FPGA/digital_logic/ov7670_VGA/ov7670_VGA/ov7670_VGA.ip_user_files/sim_scripts -ip_user_files_dir D:/FPGA/FPGA/digital_logic/ov7670_VGA/ov7670_VGA/ov7670_VGA.ip_user_files -ipstatic_source_dir D:/FPGA/FPGA/digital_logic/ov7670_VGA/ov7670_VGA/ov7670_VGA.ip_user_files/ipstatic -lib_map_path [list {modelsim=D:/FPGA/FPGA/digital_logic/ov7670_VGA/ov7670_VGA/ov7670_VGA.cache/compile_simlib/modelsim} {questa=D:/FPGA/FPGA/digital_logic/ov7670_VGA/ov7670_VGA/ov7670_VGA.cache/compile_simlib/questa} {riviera=D:/FPGA/FPGA/digital_logic/ov7670_VGA/ov7670_VGA/ov7670_VGA.cache/compile_simlib/riviera} {activehdl=D:/FPGA/FPGA/digital_logic/ov7670_VGA/ov7670_VGA/ov7670_VGA.cache/compile_simlib/activehdl}] -use_ip_compiled_libs -force -quiet
file mkdir D:/FPGA/FPGA/digital_logic/ov7670_VGA/ov7670_VGA/ov7670_VGA.srcs/constrs_1
file mkdir D:/FPGA/FPGA/digital_logic/ov7670_VGA/ov7670_VGA/ov7670_VGA.srcs/constrs_1/new
close [ open D:/FPGA/FPGA/digital_logic/ov7670_VGA/ov7670_VGA/ov7670_VGA.srcs/constrs_1/new/ov7670_hdmi.xdc w ]
add_files -fileset constrs_1 D:/FPGA/FPGA/digital_logic/ov7670_VGA/ov7670_VGA/ov7670_VGA.srcs/constrs_1/new/ov7670_hdmi.xdc
launch_runs impl_1 -to_step write_bitstream -jobs 8
[Sat Dec 20 17:20:38 2025] Launched synth_1...
Run output will be captured here: D:/FPGA/FPGA/digital_logic/ov7670_VGA/ov7670_VGA/ov7670_VGA.runs/synth_1/runme.log
[Sat Dec 20 17:20:38 2025] Launched impl_1...
Run output will be captured here: D:/FPGA/FPGA/digital_logic/ov7670_VGA/ov7670_VGA/ov7670_VGA.runs/impl_1/runme.log
make_wrapper -files [get_files D:/FPGA/FPGA/digital_logic/ov7670_VGA/ov7670_VGA/ov7670_VGA.srcs/sources_1/bd/ov7670_capture/ov7670_capture.bd] -top
add_files -norecurse d:/FPGA/FPGA/digital_logic/ov7670_VGA/ov7670_VGA/ov7670_VGA.gen/sources_1/bd/ov7670_capture/hdl/ov7670_capture_wrapper.v
update_compile_order -fileset sources_1
update_compile_order -fileset sources_1
update_module_reference ov7670_capture_ov7670_driver_0_0
INFO: [IP_Flow 19-5107] Inferred bus interface 'm_axis' of definition 'xilinx.com:interface:axis:1.0' (from Xilinx Repository).
INFO: [IP_Flow 19-5107] Inferred bus interface 'rst_n' of definition 'xilinx.com:signal:reset:1.0' (from Xilinx Repository).
INFO: [IP_Flow 19-4728] Bus Interface 'rst_n': Added interface parameter 'POLARITY' with value 'ACTIVE_LOW'.
WARNING: [IP_Flow 19-3158] Bus Interface 'm_axis': FREQ_HZ bus parameter missing from AXI interface when interface is not associated to a clock.
WARNING: [IP_Flow 19-3157] Bus Interface 'rst_n': Bus parameter POLARITY is ACTIVE_LOW but port 'rst_n' is not *resetn - please double check the POLARITY setting.
INFO: [IP_Flow 19-234] Refreshing IP repositories
INFO: [IP_Flow 19-1700] Loaded user IP repository 'd:/FPGA/FPGA/fpga学习资料/vivado-library-master/vivado-library-master'.
Upgrading 'D:/FPGA/FPGA/digital_logic/ov7670_VGA/ov7670_VGA/ov7670_VGA.srcs/sources_1/bd/ov7670_capture/ov7670_capture.bd'
INFO: [IP_Flow 19-1972] Upgraded ov7670_capture_ov7670_driver_0_0 from ov7670_driver_v1_0 1.0 to ov7670_driver_v1_0 1.0
Wrote  : <D:\FPGA\FPGA\digital_logic\ov7670_VGA\ov7670_VGA\ov7670_VGA.srcs\sources_1\bd\ov7670_capture\ov7670_capture.bd> 
Wrote  : <D:/FPGA/FPGA/digital_logic/ov7670_VGA/ov7670_VGA/ov7670_VGA.srcs/sources_1/bd/ov7670_capture/ui/bd_61e34f86.ui> 
validate_bd_design
CRITICAL WARNING: [BD 41-967] AXI interface pin /ov7670_driver_0/m_axis is not associated to any clock pin. It may not work correctly.
CRITICAL WARNING: [BD 41-1343] Reset pin /v_tc_0/resetn (associated clock /v_tc_0/clk) is connected to reset source /rst_ps7_0_100M/peripheral_aresetn (synchronous to clock source /processing_system7_0/FCLK_CLK0).
This may prevent design from meeting timing. Please add Processor System Reset module to create a reset that is synchronous to the associated clock source /clk_wiz_0/clk_out1.
INFO: [xilinx.com:ip:clk_wiz:6.0-1] /clk_wiz_0 clk_wiz propagate
INFO: [xilinx.com:ip:axi_vdma:6.3-15] /axi_vdma_0 
                    All clocks connected to AXI VDMA are not identical, therefore configuring AXI-VDMA in ASYNC mode.
WARNING: [BD 41-1271] The connection to the pin: /v_tc_0/active_video_out has been overridden by the user. This pin will not be connected as a part of the interface connection: v_tc_0_vtiming_out 
WARNING: [BD 41-1271] The connection to the pin: /v_tc_0/hsync_out has been overridden by the user. This pin will not be connected as a part of the interface connection: v_tc_0_vtiming_out 
WARNING: [BD 41-1271] The connection to the pin: /v_tc_0/vblank_out has been overridden by the user. This pin will not be connected as a part of the interface connection: v_tc_0_vtiming_out 
WARNING: [BD 41-1271] The connection to the pin: /v_tc_0/vsync_out has been overridden by the user. This pin will not be connected as a part of the interface connection: v_tc_0_vtiming_out 
validate_bd_design: Time (s): cpu = 00:00:06 ; elapsed = 00:00:06 . Memory (MB): peak = 1691.633 ; gain = 0.000
save_bd_design
Wrote  : <D:\FPGA\FPGA\digital_logic\ov7670_VGA\ov7670_VGA\ov7670_VGA.srcs\sources_1\bd\ov7670_capture\ov7670_capture.bd> 
Wrote  : <D:/FPGA/FPGA/digital_logic/ov7670_VGA/ov7670_VGA/ov7670_VGA.srcs/sources_1/bd/ov7670_capture/ui/bd_61e34f86.ui> 
reset_run synth_1
launch_runs impl_1 -to_step write_bitstream -jobs 8
INFO: [BD 41-1662] The design 'ov7670_capture.bd' is already validated. Therefore parameter propagation will not be re-run.
WARNING: [BD 41-1271] The connection to the pin: /v_tc_0/active_video_out has been overridden by the user. This pin will not be connected as a part of the interface connection: v_tc_0_vtiming_out 
WARNING: [BD 41-1271] The connection to the pin: /v_tc_0/hsync_out has been overridden by the user. This pin will not be connected as a part of the interface connection: v_tc_0_vtiming_out 
WARNING: [BD 41-1271] The connection to the pin: /v_tc_0/vblank_out has been overridden by the user. This pin will not be connected as a part of the interface connection: v_tc_0_vtiming_out 
WARNING: [BD 41-1271] The connection to the pin: /v_tc_0/vsync_out has been overridden by the user. This pin will not be connected as a part of the interface connection: v_tc_0_vtiming_out 
WARNING: [BD 41-2384] Width mismatch when connecting pin: '/axi_mem_intercon/m00_couplers/auto_pc/m_axi_rid'(1) to pin: '/axi_mem_intercon/m00_couplers/M_AXI_rid'(6) - Only lower order bits will be connected.
WARNING: [BD 41-2384] Width mismatch when connecting pin: '/axi_mem_intercon/m00_couplers/auto_pc/m_axi_bid'(1) to pin: '/axi_mem_intercon/m00_couplers/M_AXI_bid'(6) - Only lower order bits will be connected.
WARNING: [BD 41-2384] Width mismatch when connecting pin: '/processing_system7_0/S_AXI_HP0_AWID'(6) to pin: '/axi_mem_intercon/M00_AXI_awid'(1) - Only lower order bits will be connected.
WARNING: [BD 41-2384] Width mismatch when connecting pin: '/processing_system7_0/S_AXI_HP0_ARID'(6) to pin: '/axi_mem_intercon/M00_AXI_arid'(1) - Only lower order bits will be connected.
WARNING: [BD 41-2384] Width mismatch when connecting pin: '/processing_system7_0/S_AXI_HP0_WID'(6) to pin: '/axi_mem_intercon/M00_AXI_wid'(1) - Only lower order bits will be connected.
VHDL Output written to : d:/FPGA/FPGA/digital_logic/ov7670_VGA/ov7670_VGA/ov7670_VGA.gen/sources_1/bd/ov7670_capture/synth/ov7670_capture.v
WARNING: [BD 41-2384] Width mismatch when connecting pin: '/axi_mem_intercon/m00_couplers/auto_pc/m_axi_rid'(1) to pin: '/axi_mem_intercon/m00_couplers/M_AXI_rid'(6) - Only lower order bits will be connected.
WARNING: [BD 41-2384] Width mismatch when connecting pin: '/axi_mem_intercon/m00_couplers/auto_pc/m_axi_bid'(1) to pin: '/axi_mem_intercon/m00_couplers/M_AXI_bid'(6) - Only lower order bits will be connected.
WARNING: [BD 41-2384] Width mismatch when connecting pin: '/processing_system7_0/S_AXI_HP0_AWID'(6) to pin: '/axi_mem_intercon/M00_AXI_awid'(1) - Only lower order bits will be connected.
WARNING: [BD 41-2384] Width mismatch when connecting pin: '/processing_system7_0/S_AXI_HP0_ARID'(6) to pin: '/axi_mem_intercon/M00_AXI_arid'(1) - Only lower order bits will be connected.
WARNING: [BD 41-2384] Width mismatch when connecting pin: '/processing_system7_0/S_AXI_HP0_WID'(6) to pin: '/axi_mem_intercon/M00_AXI_wid'(1) - Only lower order bits will be connected.
VHDL Output written to : d:/FPGA/FPGA/digital_logic/ov7670_VGA/ov7670_VGA/ov7670_VGA.gen/sources_1/bd/ov7670_capture/sim/ov7670_capture.v
VHDL Output written to : d:/FPGA/FPGA/digital_logic/ov7670_VGA/ov7670_VGA/ov7670_VGA.gen/sources_1/bd/ov7670_capture/hdl/ov7670_capture_wrapper.v
INFO: [BD 41-1029] Generation completed for the IP Integrator block ov7670_driver_0 .
WARNING: [IP_Flow 19-4994] Overwriting existing constraint file 'd:/FPGA/FPGA/digital_logic/ov7670_VGA/ov7670_VGA/ov7670_VGA.gen/sources_1/bd/ov7670_capture/ip/ov7670_capture_auto_pc_0/ov7670_capture_auto_pc_0_ooc.xdc'
INFO: [BD 41-1029] Generation completed for the IP Integrator block ps7_0_axi_periph/s00_couplers/auto_pc .
WARNING: [IP_Flow 19-4994] Overwriting existing constraint file 'd:/FPGA/FPGA/digital_logic/ov7670_VGA/ov7670_VGA/ov7670_VGA.gen/sources_1/bd/ov7670_capture/ip/ov7670_capture_auto_pc_1/ov7670_capture_auto_pc_1_ooc.xdc'
INFO: [BD 41-1029] Generation completed for the IP Integrator block axi_mem_intercon/m00_couplers/auto_pc .
Exporting to file d:/FPGA/FPGA/digital_logic/ov7670_VGA/ov7670_VGA/ov7670_VGA.gen/sources_1/bd/ov7670_capture/hw_handoff/ov7670_capture.hwh
Generated Block Design Tcl file d:/FPGA/FPGA/digital_logic/ov7670_VGA/ov7670_VGA/ov7670_VGA.gen/sources_1/bd/ov7670_capture/hw_handoff/ov7670_capture_bd.tcl
Generated Hardware Definition File d:/FPGA/FPGA/digital_logic/ov7670_VGA/ov7670_VGA/ov7670_VGA.gen/sources_1/bd/ov7670_capture/synth/ov7670_capture.hwdef
WARNING: [BD 41-2265] Clock pin for protocol instance pin m_axis could not be determined. Make sure that ASSOCIATED_BUSIF and ASSOCIATED_RESET properties are set or propagated on clock pins of block /ov7670_driver_0
INFO: [IP_Flow 19-7066] Running IP cache check for IP ov7670_capture_auto_pc_0
INFO: [IP_Flow 19-7066] Running IP cache check for IP ov7670_capture_auto_pc_1
INFO: [IP_Flow 19-4993] Using cached IP synthesis design for IP ov7670_capture_auto_pc_0, cache-ID = 49a6968113a25fe4; cache size = 15.778 MB.
INFO: [IP_Flow 19-4993] Using cached IP synthesis design for IP ov7670_capture_auto_pc_1, cache-ID = b3c5e821bd002132; cache size = 15.778 MB.
[Sat Dec 20 17:36:36 2025] Launched ov7670_capture_ov7670_driver_0_0_synth_1, synth_1...
Run output will be captured here:
ov7670_capture_ov7670_driver_0_0_synth_1: D:/FPGA/FPGA/digital_logic/ov7670_VGA/ov7670_VGA/ov7670_VGA.runs/ov7670_capture_ov7670_driver_0_0_synth_1/runme.log
synth_1: D:/FPGA/FPGA/digital_logic/ov7670_VGA/ov7670_VGA/ov7670_VGA.runs/synth_1/runme.log
[Sat Dec 20 17:36:36 2025] Launched impl_1...
Run output will be captured here: D:/FPGA/FPGA/digital_logic/ov7670_VGA/ov7670_VGA/ov7670_VGA.runs/impl_1/runme.log
launch_runs: Time (s): cpu = 00:00:03 ; elapsed = 00:00:11 . Memory (MB): peak = 1693.531 ; gain = 1.898
open_bd_design {D:/FPGA/FPGA/digital_logic/ov7670_VGA/ov7670_VGA/ov7670_VGA.srcs/sources_1/bd/ov7670_capture/ov7670_capture.bd}
delete_bd_objs [get_bd_nets processing_system7_0_FCLK_CLK1] [get_bd_ports FCLK_CLK1_0]
delete_bd_objs [get_bd_nets aRst_0_1]
delete_bd_objs [get_bd_ports aRst_0]
connect_bd_net [get_bd_pins rgb2dvi_0/aRst] [get_bd_pins rst_ps7_0_100M/peripheral_aresetn]
delete_bd_objs [get_bd_nets reset_rtl_0_1] [get_bd_ports reset_rtl_0]
connect_bd_net [get_bd_pins clk_wiz_0/reset] [get_bd_pins rst_ps7_0_100M/peripheral_aresetn]
validate_bd_design
CRITICAL WARNING: [BD 41-967] AXI interface pin /ov7670_driver_0/m_axis is not associated to any clock pin. It may not work correctly.
CRITICAL WARNING: [BD 41-1343] Reset pin /v_tc_0/resetn (associated clock /v_tc_0/clk) is connected to reset source /rst_ps7_0_100M/peripheral_aresetn (synchronous to clock source /processing_system7_0/FCLK_CLK0).
This may prevent design from meeting timing. Please add Processor System Reset module to create a reset that is synchronous to the associated clock source /clk_wiz_0/clk_out1.
INFO: [xilinx.com:ip:clk_wiz:6.0-1] /clk_wiz_0 clk_wiz propagate
INFO: [xilinx.com:ip:axi_vdma:6.3-15] /axi_vdma_0 
                    All clocks connected to AXI VDMA are not identical, therefore configuring AXI-VDMA in ASYNC mode.
ERROR: [BD 41-238] Port/Pin property POLARITY does not match between /rgb2dvi_0/aRst(ACTIVE_HIGH) and /rst_ps7_0_100M/peripheral_aresetn(ACTIVE_LOW)
ERROR: [BD 41-238] Port/Pin property POLARITY does not match between /clk_wiz_0/reset(ACTIVE_HIGH) and /rst_ps7_0_100M/peripheral_aresetn(ACTIVE_LOW)
validate_bd_design: Time (s): cpu = 00:00:07 ; elapsed = 00:00:06 . Memory (MB): peak = 1696.305 ; gain = 0.078
ERROR: [Common 17-39] 'validate_bd_design' failed due to earlier errors.
delete_bd_objs [get_bd_nets rst_ps7_0_100M_peripheral_aresetn]
connect_bd_net [get_bd_pins rgb2dvi_0/aRst] [get_bd_pins rst_ps7_0_100M/peripheral_aresetn]
connect_bd_net [get_bd_pins clk_wiz_0/reset] [get_bd_pins rst_ps7_0_100M/peripheral_reset]
delete_bd_objs [get_bd_nets rst_ps7_0_100M_peripheral_aresetn]
connect_bd_net [get_bd_pins rgb2dvi_0/aRst] [get_bd_pins rst_ps7_0_100M/peripheral_reset]
validate_bd_design
CRITICAL WARNING: [BD 41-967] AXI interface pin /ov7670_driver_0/m_axis is not associated to any clock pin. It may not work correctly.
INFO: [xilinx.com:ip:clk_wiz:6.0-1] /clk_wiz_0 clk_wiz propagate
INFO: [xilinx.com:ip:axi_vdma:6.3-15] /axi_vdma_0 
                    All clocks connected to AXI VDMA are not identical, therefore configuring AXI-VDMA in ASYNC mode.
WARNING: [BD 41-1271] The connection to the pin: /v_tc_0/active_video_out has been overridden by the user. This pin will not be connected as a part of the interface connection: v_tc_0_vtiming_out 
WARNING: [BD 41-1271] The connection to the pin: /v_tc_0/hsync_out has been overridden by the user. This pin will not be connected as a part of the interface connection: v_tc_0_vtiming_out 
WARNING: [BD 41-1271] The connection to the pin: /v_tc_0/vblank_out has been overridden by the user. This pin will not be connected as a part of the interface connection: v_tc_0_vtiming_out 
WARNING: [BD 41-1271] The connection to the pin: /v_tc_0/vsync_out has been overridden by the user. This pin will not be connected as a part of the interface connection: v_tc_0_vtiming_out 
CRITICAL WARNING: [BD 41-759] The input pins (listed below) are either not connected or do not have a source port, and they don't have a tie-off specified. These pins are tied-off to all 0's to avoid error in Implementation flow.
Please check your design and connect them as needed: 
/ps7_0_axi_periph/ARESETN
/ps7_0_axi_periph/S00_ARESETN
/ps7_0_axi_periph/M00_ARESETN
/axi_mem_intercon/ARESETN
/axi_mem_intercon/S00_ARESETN
/axi_mem_intercon/M00_ARESETN
/axi_mem_intercon/S01_ARESETN
/axis_subset_converter_0/aresetn
/ov7670_driver_0/rst_n

validate_bd_design: Time (s): cpu = 00:00:07 ; elapsed = 00:00:08 . Memory (MB): peak = 1732.125 ; gain = 0.000
connect_bd_net [get_bd_pins ps7_0_axi_periph/ARESETN] [get_bd_pins rst_ps7_0_100M/peripheral_aresetn]
connect_bd_net [get_bd_pins ps7_0_axi_periph/S00_ARESETN] [get_bd_pins rst_ps7_0_100M/peripheral_aresetn]
connect_bd_net [get_bd_pins ps7_0_axi_periph/M00_ARESETN] [get_bd_pins rst_ps7_0_100M/peripheral_aresetn]
connect_bd_net [get_bd_pins axi_mem_intercon/ARESETN] [get_bd_pins rst_ps7_0_100M/peripheral_aresetn]
connect_bd_net [get_bd_pins axi_mem_intercon/S00_ARESETN] [get_bd_pins rst_ps7_0_100M/peripheral_aresetn]
connect_bd_net [get_bd_pins axi_mem_intercon/M00_ARESETN] [get_bd_pins rst_ps7_0_100M/peripheral_aresetn]
connect_bd_net [get_bd_pins axi_mem_intercon/S01_ARESETN] [get_bd_pins rst_ps7_0_100M/peripheral_aresetn]
connect_bd_net [get_bd_pins axis_subset_converter_0/aresetn] [get_bd_pins rst_ps7_0_100M/peripheral_aresetn]
connect_bd_net [get_bd_pins rst_ps7_0_100M/peripheral_aresetn] [get_bd_pins ov7670_driver_0/rst_n]
validate_bd_design
CRITICAL WARNING: [BD 41-967] AXI interface pin /ov7670_driver_0/m_axis is not associated to any clock pin. It may not work correctly.
INFO: [xilinx.com:ip:clk_wiz:6.0-1] /clk_wiz_0 clk_wiz propagate
INFO: [xilinx.com:ip:axi_vdma:6.3-15] /axi_vdma_0 
                    All clocks connected to AXI VDMA are not identical, therefore configuring AXI-VDMA in ASYNC mode.
WARNING: [BD 41-1271] The connection to the pin: /v_tc_0/active_video_out has been overridden by the user. This pin will not be connected as a part of the interface connection: v_tc_0_vtiming_out 
WARNING: [BD 41-1271] The connection to the pin: /v_tc_0/hsync_out has been overridden by the user. This pin will not be connected as a part of the interface connection: v_tc_0_vtiming_out 
WARNING: [BD 41-1271] The connection to the pin: /v_tc_0/vblank_out has been overridden by the user. This pin will not be connected as a part of the interface connection: v_tc_0_vtiming_out 
WARNING: [BD 41-1271] The connection to the pin: /v_tc_0/vsync_out has been overridden by the user. This pin will not be connected as a part of the interface connection: v_tc_0_vtiming_out 
validate_bd_design: Time (s): cpu = 00:00:06 ; elapsed = 00:00:07 . Memory (MB): peak = 1732.125 ; gain = 0.000
update_module_reference ov7670_capture_ov7670_driver_0_0
INFO: [IP_Flow 19-5107] Inferred bus interface 'm_axis' of definition 'xilinx.com:interface:axis:1.0' (from Xilinx Repository).
INFO: [IP_Flow 19-5107] Inferred bus interface 'rst_n' of definition 'xilinx.com:signal:reset:1.0' (from Xilinx Repository).
INFO: [IP_Flow 19-4728] Bus Interface 'rst_n': Added interface parameter 'POLARITY' with value 'ACTIVE_LOW'.
WARNING: [IP_Flow 19-3158] Bus Interface 'm_axis': FREQ_HZ bus parameter missing from AXI interface when interface is not associated to a clock.
WARNING: [IP_Flow 19-3157] Bus Interface 'rst_n': Bus parameter POLARITY is ACTIVE_LOW but port 'rst_n' is not *resetn - please double check the POLARITY setting.
INFO: [IP_Flow 19-234] Refreshing IP repositories
INFO: [IP_Flow 19-1700] Loaded user IP repository 'd:/FPGA/FPGA/fpga学习资料/vivado-library-master/vivado-library-master'.
Upgrading 'D:/FPGA/FPGA/digital_logic/ov7670_VGA/ov7670_VGA/ov7670_VGA.srcs/sources_1/bd/ov7670_capture/ov7670_capture.bd'
INFO: [IP_Flow 19-1972] Upgraded ov7670_capture_ov7670_driver_0_0 from ov7670_driver_v1_0 1.0 to ov7670_driver_v1_0 1.0
Wrote  : <D:\FPGA\FPGA\digital_logic\ov7670_VGA\ov7670_VGA\ov7670_VGA.srcs\sources_1\bd\ov7670_capture\ov7670_capture.bd> 
Wrote  : <D:/FPGA/FPGA/digital_logic/ov7670_VGA/ov7670_VGA/ov7670_VGA.srcs/sources_1/bd/ov7670_capture/ui/bd_61e34f86.ui> 
validate_bd_design
CRITICAL WARNING: [BD 41-967] AXI interface pin /ov7670_driver_0/m_axis is not associated to any clock pin. It may not work correctly.
INFO: [xilinx.com:ip:clk_wiz:6.0-1] /clk_wiz_0 clk_wiz propagate
INFO: [xilinx.com:ip:axi_vdma:6.3-15] /axi_vdma_0 
                    All clocks connected to AXI VDMA are not identical, therefore configuring AXI-VDMA in ASYNC mode.
WARNING: [BD 41-1271] The connection to the pin: /v_tc_0/active_video_out has been overridden by the user. This pin will not be connected as a part of the interface connection: v_tc_0_vtiming_out 
WARNING: [BD 41-1271] The connection to the pin: /v_tc_0/hsync_out has been overridden by the user. This pin will not be connected as a part of the interface connection: v_tc_0_vtiming_out 
WARNING: [BD 41-1271] The connection to the pin: /v_tc_0/vblank_out has been overridden by the user. This pin will not be connected as a part of the interface connection: v_tc_0_vtiming_out 
WARNING: [BD 41-1271] The connection to the pin: /v_tc_0/vsync_out has been overridden by the user. This pin will not be connected as a part of the interface connection: v_tc_0_vtiming_out 
validate_bd_design: Time (s): cpu = 00:00:07 ; elapsed = 00:00:08 . Memory (MB): peak = 1738.516 ; gain = 0.156
delete_bd_objs [get_bd_nets vsync_0_1] [get_bd_nets href_0_1] [get_bd_nets d_0_1] [get_bd_intf_nets ov7670_driver_0_m_axis] [get_bd_cells ov7670_driver_0]
update_compile_order -fileset sources_1
create_bd_cell -type module -reference ov7670_driver ov7670_driver_0
connect_bd_net [get_bd_ports pclk_0] [get_bd_pins ov7670_driver_0/pclk]
connect_bd_net [get_bd_pins ov7670_driver_0/rst_n] [get_bd_pins rst_ps7_0_100M/peripheral_aresetn]
connect_bd_net [get_bd_ports vsync_0] [get_bd_pins ov7670_driver_0/vsync]
connect_bd_net [get_bd_ports href_0] [get_bd_pins ov7670_driver_0/href]
connect_bd_net [get_bd_ports d_0] [get_bd_pins ov7670_driver_0/d]
connect_bd_intf_net [get_bd_intf_pins ov7670_driver_0/m_axis] [get_bd_intf_pins axi_vdma_0/S_AXIS_S2MM]
validate_bd_design
CRITICAL WARNING: [BD 41-967] AXI interface pin /ov7670_driver_0/m_axis is not associated to any clock pin. It may not work correctly.
INFO: [xilinx.com:ip:clk_wiz:6.0-1] /clk_wiz_0 clk_wiz propagate
INFO: [xilinx.com:ip:axi_vdma:6.3-15] /axi_vdma_0 
                    All clocks connected to AXI VDMA are not identical, therefore configuring AXI-VDMA in ASYNC mode.
WARNING: [BD 41-1271] The connection to the pin: /v_tc_0/active_video_out has been overridden by the user. This pin will not be connected as a part of the interface connection: v_tc_0_vtiming_out 
WARNING: [BD 41-1271] The connection to the pin: /v_tc_0/hsync_out has been overridden by the user. This pin will not be connected as a part of the interface connection: v_tc_0_vtiming_out 
WARNING: [BD 41-1271] The connection to the pin: /v_tc_0/vblank_out has been overridden by the user. This pin will not be connected as a part of the interface connection: v_tc_0_vtiming_out 
WARNING: [BD 41-1271] The connection to the pin: /v_tc_0/vsync_out has been overridden by the user. This pin will not be connected as a part of the interface connection: v_tc_0_vtiming_out 
validate_bd_design: Time (s): cpu = 00:00:07 ; elapsed = 00:00:08 . Memory (MB): peak = 1753.488 ; gain = 14.973
save_bd_design
Wrote  : <D:\FPGA\FPGA\digital_logic\ov7670_VGA\ov7670_VGA\ov7670_VGA.srcs\sources_1\bd\ov7670_capture\ov7670_capture.bd> 
Wrote  : <D:/FPGA/FPGA/digital_logic/ov7670_VGA/ov7670_VGA/ov7670_VGA.srcs/sources_1/bd/ov7670_capture/ui/bd_61e34f86.ui> 
exit
INFO: [Common 17-206] Exiting Vivado at Sat Dec 20 21:49:49 2025...
