

================================================================
== Synthesis Summary Report of 'led_winkle'
================================================================
+ General Information: 
    * Date:           Sun Nov 30 21:21:58 2025
    * Version:        2020.2 (Build 3064766 on Wed Nov 18 09:12:45 MST 2020)
    * Project:        led_twinkle_hls
    * Solution:       solution1 (Vivado IP Flow Target)
    * Product family: zynq
    * Target device:  xc7z010-clg400-1
    

+ Performance & Resource Estimates: 
    
    PS: '+' for module; 'o' for loop; '*' for dataflow
    +-------------------+------+-------+----------+-----------+----------+----------+----------+----------+------+----+----------+----------+-----+
    |      Modules      | Issue|       | Latency  |  Latency  | Iteration|          |   Trip   |          |      |    |          |          |     |
    |      & Loops      | Type | Slack | (cycles) |    (ns)   |  Latency | Interval |   Count  | Pipelined| BRAM | DSP|    FF    |    LUT   | URAM|
    +-------------------+------+-------+----------+-----------+----------+----------+----------+----------+------+----+----------+----------+-----+
    |+ led_winkle       |     -|  -3.85|  50000002|  5.000e+08|         -|  50000003|         -|        no|     -|   -|  29 (~0%)|  97 (~0%)|    -|
    | o VITIS_LOOP_9_1  |     -|  -7.30|  50000000|  5.000e+08|         1|         1|  50000000|       yes|     -|   -|         -|         -|    -|
    +-------------------+------+-------+----------+-----------+----------+----------+----------+----------+------+----+----------+----------+-----+

