# do {tb_hdmi_colorbar_top_compile.do}
# ** Warning: (vlib-34) Library already exists at "modelsim_lib/work".
# ** Warning: (vlib-34) Library already exists at "modelsim_lib/msim".
# ** Warning: (vlib-34) Library already exists at "modelsim_lib/msim/xil_defaultlib".
# Model Technology ModelSim SE-64 vmap 10.5 Lib Mapping Utility 2016.02 Feb 13 2016
# vmap xil_defaultlib modelsim_lib/msim/xil_defaultlib 
# Modifying modelsim.ini
# Model Technology ModelSim SE-64 vlog 10.5 Compiler 2016.02 Feb 13 2016
# Start time: 14:17:44 on Jun 25,2023
# vlog -incr -work xil_defaultlib "+incdir+../../../../hdmi_color.gen/sources_1/ip/clk_wiz_0" ../../../../hdmi_color.gen/sources_1/ip/clk_wiz_0/clk_wiz_0_clk_wiz.v ../../../../hdmi_color.gen/sources_1/ip/clk_wiz_0/clk_wiz_0.v ../../../../../rtl/asyn_rst_syn.v ../../../../../rtl/dvi_encoder.v ../../../../../rtl/dvi_transmitter_top.v ../../../../../rtl/hdmi_colorbar_top.v ../../../../../rtl/serializer_10_to_1.v ../../../../../rtl/video_display.v ../../../../../rtl/video_driver.v ../../../../../sim/tb_hdmi_colorbar_top.v 
# -- Compiling module clk_wiz_0_clk_wiz
# -- Compiling module clk_wiz_0
# -- Compiling module asyn_rst_syn
# -- Compiling module dvi_encoder
# -- Compiling module dvi_transmitter_top
# -- Compiling module hdmi_colorbar_top
# -- Compiling module serializer_10_to_1
# -- Compiling module video_display
# -- Compiling module video_driver
# -- Compiling module tb_hdmi_colorbar_top
# 
# Top level modules:
# 	tb_hdmi_colorbar_top
# End time: 14:17:44 on Jun 25,2023, Elapsed time: 0:00:00
# Errors: 0, Warnings: 0
# Model Technology ModelSim SE-64 vlog 10.5 Compiler 2016.02 Feb 13 2016
# Start time: 14:17:44 on Jun 25,2023
# vlog -work xil_defaultlib glbl.v 
# -- Compiling module glbl
# 
# Top level modules:
# 	glbl
# End time: 14:17:44 on Jun 25,2023, Elapsed time: 0:00:00
# Errors: 0, Warnings: 0
