# //  ModelSim SE-64 10.5 Feb 13 2016 
# //
# //  Copyright 1991-2016 Mentor Graphics Corporation
# //  All Rights Reserved.
# //
# //  ModelSim SE-64 and its associated documentation contain trade
# //  secrets and commercial or financial information that are the property of
# //  Mentor Graphics Corporation and are privileged, confidential,
# //  and exempt from disclosure under the Freedom of Information Act,
# //  5 U.S.C. Section 552. Furthermore, this information
# //  is prohibited from disclosure under the Trade Secrets Act,
# //  18 U.S.C. Section 1905.
# //
# do {tb_hdmi_colorbar_top_simulate.do}
# vsim -voptargs=""+acc"" -L xil_defaultlib -L unisims_ver -L unimacro_ver -L secureip -L xpm -lib xil_defaultlib xil_defaultlib.tb_hdmi_colorbar_top xil_defaultlib.glbl 
# Start time: 14:17:47 on Jun 25,2023
# ** Note: (vsim-3812) Design is being optimized...
# Loading work.tb_hdmi_colorbar_top(fast)
# Loading work.hdmi_colorbar_top(fast)
# Loading work.clk_wiz_0(fast)
# Loading work.clk_wiz_0_clk_wiz(fast)
# Loading unisims_ver.IBUF(fast)
# Loading unisims_ver.MMCME2_ADV(fast)
# Loading unisims_ver.BUFG(fast)
# Loading work.video_driver(fast)
# Loading work.video_display(fast)
# Loading work.dvi_transmitter_top(fast)
# Loading work.asyn_rst_syn(fast)
# Loading work.dvi_encoder(fast)
# Loading work.serializer_10_to_1(fast)
# Loading unisims_ver.OSERDESE2(fast)
# Loading secureip.B_OSERDESE2(fast)
# Loading unisims_ver.OSERDESE2(fast__1)
# Loading secureip.B_OSERDESE2(fast__1)
# Loading unisims_ver.OBUFDS(fast)
# Loading work.glbl(fast)
# End time: 14:17:52 on Jun 25,2023, Elapsed time: 0:00:05
# Errors: 0, Warnings: 0
