
*** Running vivado
    with args -log ov7670_capture_axis_subset_converter_0_0.vds -m64 -product Vivado -mode batch -messageDb vivado.pb -notrace -source ov7670_capture_axis_subset_converter_0_0.tcl



****** Vivado v2020.2 (64-bit)
  **** SW Build 3064766 on Wed Nov 18 09:12:45 MST 2020
  **** IP Build 3064653 on Wed Nov 18 14:17:31 MST 2020
    ** Copyright 1986-2020 Xilinx, Inc. All Rights Reserved.

source ov7670_capture_axis_subset_converter_0_0.tcl -notrace
INFO: [IP_Flow 19-234] Refreshing IP repositories
WARNING: [IP_Flow 19-395] Problem validating against XML schema: see 'xilinx:packagingInfo' : Bad end of element
CRITICAL WARNING: [IP_Flow 19-1977] Unable to read IP file d:/FPGA/FPGA/fpga学习资料/vivado-library-master/vivado-library-master/ip/Zmods/ZmodDigitizerController/component.xml. This IP will not be included in the IP Catalog.
WARNING: [IP_Flow 19-395] Problem validating against XML schema: see 'xilinx:packagingInfo' : Bad end of element
CRITICAL WARNING: [IP_Flow 19-1977] Unable to read IP file d:/FPGA/FPGA/fpga学习资料/vivado-library-master/vivado-library-master/ip/Zmods/ZmodSDRController/component.xml. This IP will not be included in the IP Catalog.
INFO: [IP_Flow 19-1700] Loaded user IP repository 'd:/FPGA/FPGA/fpga学习资料/vivado-library-master/vivado-library-master'.
INFO: [IP_Flow 19-2313] Loaded Vivado IP repository 'D:/xilinx_down/Vivado/2020.2/data/ip'.
Command: synth_design -top ov7670_capture_axis_subset_converter_0_0 -part xc7z010clg400-1 -mode out_of_context
Starting synth_design
Attempting to get a license for feature 'Synthesis' and/or device 'xc7z010'
INFO: [Common 17-349] Got license for feature 'Synthesis' and/or device 'xc7z010'
INFO: [Device 21-403] Loading part xc7z010clg400-1
INFO: [Synth 8-7079] Multithreading enabled for synth_design using a maximum of 2 processes.
INFO: [Synth 8-7078] Launching helper process for spawning children vivado processes
INFO: [Synth 8-7075] Helper process launched with PID 61104
---------------------------------------------------------------------------------
Starting RTL Elaboration : Time (s): cpu = 00:00:04 ; elapsed = 00:00:05 . Memory (MB): peak = 1095.992 ; gain = 0.000
---------------------------------------------------------------------------------
INFO: [Synth 8-6157] synthesizing module 'ov7670_capture_axis_subset_converter_0_0' [d:/FPGA/FPGA/digital_logic/ov7670_VGA/ov7670_VGA/ov7670_VGA.gen/sources_1/bd/ov7670_capture/ip/ov7670_capture_axis_subset_converter_0_0/synth/ov7670_capture_axis_subset_converter_0_0.v:58]
INFO: [Synth 8-6157] synthesizing module 'top_ov7670_capture_axis_subset_converter_0_0' [d:/FPGA/FPGA/digital_logic/ov7670_VGA/ov7670_VGA/ov7670_VGA.gen/sources_1/bd/ov7670_capture/ip/ov7670_capture_axis_subset_converter_0_0/hdl/top_ov7670_capture_axis_subset_converter_0_0.v:60]
	Parameter C_FAMILY bound to: zynq - type: string 
	Parameter C_S_AXIS_TDATA_WIDTH bound to: 16 - type: integer 
	Parameter C_S_AXIS_TID_WIDTH bound to: 1 - type: integer 
	Parameter C_S_AXIS_TDEST_WIDTH bound to: 1 - type: integer 
	Parameter C_S_AXIS_TUSER_WIDTH bound to: 1 - type: integer 
	Parameter C_S_AXIS_SIGNAL_SET bound to: 155 - type: integer 
	Parameter C_M_AXIS_TDATA_WIDTH bound to: 24 - type: integer 
	Parameter C_M_AXIS_TID_WIDTH bound to: 1 - type: integer 
	Parameter C_M_AXIS_TDEST_WIDTH bound to: 1 - type: integer 
	Parameter C_M_AXIS_SIGNAL_SET bound to: 155 - type: integer 
	Parameter C_M_AXIS_TUSER_WIDTH bound to: 1 - type: integer 
	Parameter C_DEFAULT_TLAST bound to: 0 - type: integer 
	Parameter G_INDX_SS_TREADY bound to: 0 - type: integer 
	Parameter G_INDX_SS_TDATA bound to: 1 - type: integer 
	Parameter G_INDX_SS_TSTRB bound to: 2 - type: integer 
	Parameter G_INDX_SS_TKEEP bound to: 3 - type: integer 
	Parameter G_INDX_SS_TLAST bound to: 4 - type: integer 
	Parameter G_INDX_SS_TID bound to: 5 - type: integer 
	Parameter G_INDX_SS_TDEST bound to: 6 - type: integer 
	Parameter G_INDX_SS_TUSER bound to: 7 - type: integer 
	Parameter G_MASK_SS_TREADY bound to: 1 - type: integer 
	Parameter G_MASK_SS_TDATA bound to: 2 - type: integer 
	Parameter G_MASK_SS_TSTRB bound to: 4 - type: integer 
	Parameter G_MASK_SS_TKEEP bound to: 8 - type: integer 
	Parameter G_MASK_SS_TLAST bound to: 16 - type: integer 
	Parameter G_MASK_SS_TID bound to: 32 - type: integer 
	Parameter G_MASK_SS_TDEST bound to: 64 - type: integer 
	Parameter G_MASK_SS_TUSER bound to: 128 - type: integer 
	Parameter G_TASK_SEVERITY_ERR bound to: 2 - type: integer 
	Parameter G_TASK_SEVERITY_WARNING bound to: 1 - type: integer 
	Parameter G_TASK_SEVERITY_INFO bound to: 0 - type: integer 
INFO: [Synth 8-6157] synthesizing module 'axis_subset_converter_v1_1_22_core' [d:/FPGA/FPGA/digital_logic/ov7670_VGA/ov7670_VGA/ov7670_VGA.gen/sources_1/bd/ov7670_capture/ipshared/69d9/hdl/axis_subset_converter_v1_1_vl_rfs.v:62]
	Parameter C_FAMILY bound to: zynq - type: string 
	Parameter C_AXIS_TDATA_WIDTH bound to: 16 - type: integer 
	Parameter C_S_AXIS_TID_WIDTH bound to: 1 - type: integer 
	Parameter C_S_AXIS_TDEST_WIDTH bound to: 1 - type: integer 
	Parameter C_AXIS_TUSER_WIDTH bound to: 1 - type: integer 
	Parameter C_S_AXIS_SIGNAL_SET bound to: 155 - type: integer 
	Parameter C_M_AXIS_TID_WIDTH bound to: 1 - type: integer 
	Parameter C_M_AXIS_TDEST_WIDTH bound to: 1 - type: integer 
	Parameter C_M_AXIS_SIGNAL_SET bound to: 155 - type: integer 
	Parameter C_DEFAULT_TLAST bound to: 0 - type: integer 
	Parameter G_INDX_SS_TREADY bound to: 0 - type: integer 
	Parameter G_INDX_SS_TDATA bound to: 1 - type: integer 
	Parameter G_INDX_SS_TSTRB bound to: 2 - type: integer 
	Parameter G_INDX_SS_TKEEP bound to: 3 - type: integer 
	Parameter G_INDX_SS_TLAST bound to: 4 - type: integer 
	Parameter G_INDX_SS_TID bound to: 5 - type: integer 
	Parameter G_INDX_SS_TDEST bound to: 6 - type: integer 
	Parameter G_INDX_SS_TUSER bound to: 7 - type: integer 
	Parameter G_MASK_SS_TREADY bound to: 1 - type: integer 
	Parameter G_MASK_SS_TDATA bound to: 2 - type: integer 
	Parameter G_MASK_SS_TSTRB bound to: 4 - type: integer 
	Parameter G_MASK_SS_TKEEP bound to: 8 - type: integer 
	Parameter G_MASK_SS_TLAST bound to: 16 - type: integer 
	Parameter G_MASK_SS_TID bound to: 32 - type: integer 
	Parameter G_MASK_SS_TDEST bound to: 64 - type: integer 
	Parameter G_MASK_SS_TUSER bound to: 128 - type: integer 
	Parameter G_TASK_SEVERITY_ERR bound to: 2 - type: integer 
	Parameter G_TASK_SEVERITY_WARNING bound to: 1 - type: integer 
	Parameter G_TASK_SEVERITY_INFO bound to: 0 - type: integer 
	Parameter P_SIGNAL_SET_XOR bound to: 32'b00000000000000000000000000000000 
	Parameter P_SIGNAL_SET_ADD bound to: 32'b00000000000000000000000000000000 
	Parameter P_SIGNAL_SET_REM bound to: 32'b00000000000000000000000000000000 
	Parameter P_TLAST_CNTR_WIDTH bound to: 1 - type: integer 
INFO: [Synth 8-6155] done synthesizing module 'axis_subset_converter_v1_1_22_core' (1#1) [d:/FPGA/FPGA/digital_logic/ov7670_VGA/ov7670_VGA/ov7670_VGA.gen/sources_1/bd/ov7670_capture/ipshared/69d9/hdl/axis_subset_converter_v1_1_vl_rfs.v:62]
INFO: [Synth 8-6157] synthesizing module 'tdata_ov7670_capture_axis_subset_converter_0_0' [d:/FPGA/FPGA/digital_logic/ov7670_VGA/ov7670_VGA/ov7670_VGA.gen/sources_1/bd/ov7670_capture/ip/ov7670_capture_axis_subset_converter_0_0/hdl/tdata_ov7670_capture_axis_subset_converter_0_0.v:48]
	Parameter C_S_AXIS_TDATA_WIDTH bound to: 16 - type: integer 
	Parameter C_S_AXIS_TUSER_WIDTH bound to: 1 - type: integer 
	Parameter C_S_AXIS_TID_WIDTH bound to: 1 - type: integer 
	Parameter C_S_AXIS_TDEST_WIDTH bound to: 1 - type: integer 
	Parameter C_M_AXIS_TDATA_WIDTH bound to: 24 - type: integer 
INFO: [Synth 8-6155] done synthesizing module 'tdata_ov7670_capture_axis_subset_converter_0_0' (2#1) [d:/FPGA/FPGA/digital_logic/ov7670_VGA/ov7670_VGA/ov7670_VGA.gen/sources_1/bd/ov7670_capture/ip/ov7670_capture_axis_subset_converter_0_0/hdl/tdata_ov7670_capture_axis_subset_converter_0_0.v:48]
INFO: [Synth 8-6157] synthesizing module 'tuser_ov7670_capture_axis_subset_converter_0_0' [d:/FPGA/FPGA/digital_logic/ov7670_VGA/ov7670_VGA/ov7670_VGA.gen/sources_1/bd/ov7670_capture/ip/ov7670_capture_axis_subset_converter_0_0/hdl/tuser_ov7670_capture_axis_subset_converter_0_0.v:48]
	Parameter C_S_AXIS_TUSER_WIDTH bound to: 1 - type: integer 
	Parameter C_S_AXIS_TDATA_WIDTH bound to: 16 - type: integer 
	Parameter C_S_AXIS_TID_WIDTH bound to: 1 - type: integer 
	Parameter C_S_AXIS_TDEST_WIDTH bound to: 1 - type: integer 
	Parameter C_M_AXIS_TUSER_WIDTH bound to: 1 - type: integer 
INFO: [Synth 8-6155] done synthesizing module 'tuser_ov7670_capture_axis_subset_converter_0_0' (3#1) [d:/FPGA/FPGA/digital_logic/ov7670_VGA/ov7670_VGA/ov7670_VGA.gen/sources_1/bd/ov7670_capture/ip/ov7670_capture_axis_subset_converter_0_0/hdl/tuser_ov7670_capture_axis_subset_converter_0_0.v:48]
INFO: [Synth 8-6157] synthesizing module 'tid_ov7670_capture_axis_subset_converter_0_0' [d:/FPGA/FPGA/digital_logic/ov7670_VGA/ov7670_VGA/ov7670_VGA.gen/sources_1/bd/ov7670_capture/ip/ov7670_capture_axis_subset_converter_0_0/hdl/tid_ov7670_capture_axis_subset_converter_0_0.v:48]
	Parameter C_S_AXIS_TID_WIDTH bound to: 1 - type: integer 
	Parameter C_S_AXIS_TUSER_WIDTH bound to: 1 - type: integer 
	Parameter C_S_AXIS_TDATA_WIDTH bound to: 16 - type: integer 
	Parameter C_S_AXIS_TDEST_WIDTH bound to: 1 - type: integer 
	Parameter C_M_AXIS_TID_WIDTH bound to: 1 - type: integer 
INFO: [Synth 8-6155] done synthesizing module 'tid_ov7670_capture_axis_subset_converter_0_0' (4#1) [d:/FPGA/FPGA/digital_logic/ov7670_VGA/ov7670_VGA/ov7670_VGA.gen/sources_1/bd/ov7670_capture/ip/ov7670_capture_axis_subset_converter_0_0/hdl/tid_ov7670_capture_axis_subset_converter_0_0.v:48]
INFO: [Synth 8-6157] synthesizing module 'tdest_ov7670_capture_axis_subset_converter_0_0' [d:/FPGA/FPGA/digital_logic/ov7670_VGA/ov7670_VGA/ov7670_VGA.gen/sources_1/bd/ov7670_capture/ip/ov7670_capture_axis_subset_converter_0_0/hdl/tdest_ov7670_capture_axis_subset_converter_0_0.v:48]
	Parameter C_S_AXIS_TDATA_WIDTH bound to: 16 - type: integer 
	Parameter C_S_AXIS_TUSER_WIDTH bound to: 1 - type: integer 
	Parameter C_S_AXIS_TID_WIDTH bound to: 1 - type: integer 
	Parameter C_S_AXIS_TDEST_WIDTH bound to: 1 - type: integer 
	Parameter C_M_AXIS_TDEST_WIDTH bound to: 1 - type: integer 
INFO: [Synth 8-6155] done synthesizing module 'tdest_ov7670_capture_axis_subset_converter_0_0' (5#1) [d:/FPGA/FPGA/digital_logic/ov7670_VGA/ov7670_VGA/ov7670_VGA.gen/sources_1/bd/ov7670_capture/ip/ov7670_capture_axis_subset_converter_0_0/hdl/tdest_ov7670_capture_axis_subset_converter_0_0.v:48]
INFO: [Synth 8-6157] synthesizing module 'tstrb_ov7670_capture_axis_subset_converter_0_0' [d:/FPGA/FPGA/digital_logic/ov7670_VGA/ov7670_VGA/ov7670_VGA.gen/sources_1/bd/ov7670_capture/ip/ov7670_capture_axis_subset_converter_0_0/hdl/tstrb_ov7670_capture_axis_subset_converter_0_0.v:48]
	Parameter C_S_AXIS_TDATA_WIDTH bound to: 16 - type: integer 
	Parameter C_S_AXIS_TUSER_WIDTH bound to: 1 - type: integer 
	Parameter C_S_AXIS_TID_WIDTH bound to: 1 - type: integer 
	Parameter C_S_AXIS_TDEST_WIDTH bound to: 1 - type: integer 
	Parameter C_M_AXIS_TDATA_WIDTH bound to: 24 - type: integer 
INFO: [Synth 8-6155] done synthesizing module 'tstrb_ov7670_capture_axis_subset_converter_0_0' (6#1) [d:/FPGA/FPGA/digital_logic/ov7670_VGA/ov7670_VGA/ov7670_VGA.gen/sources_1/bd/ov7670_capture/ip/ov7670_capture_axis_subset_converter_0_0/hdl/tstrb_ov7670_capture_axis_subset_converter_0_0.v:48]
INFO: [Synth 8-6157] synthesizing module 'tkeep_ov7670_capture_axis_subset_converter_0_0' [d:/FPGA/FPGA/digital_logic/ov7670_VGA/ov7670_VGA/ov7670_VGA.gen/sources_1/bd/ov7670_capture/ip/ov7670_capture_axis_subset_converter_0_0/hdl/tkeep_ov7670_capture_axis_subset_converter_0_0.v:48]
	Parameter C_S_AXIS_TDATA_WIDTH bound to: 16 - type: integer 
	Parameter C_S_AXIS_TUSER_WIDTH bound to: 1 - type: integer 
	Parameter C_S_AXIS_TID_WIDTH bound to: 1 - type: integer 
	Parameter C_S_AXIS_TDEST_WIDTH bound to: 1 - type: integer 
	Parameter C_M_AXIS_TDATA_WIDTH bound to: 24 - type: integer 
INFO: [Synth 8-6155] done synthesizing module 'tkeep_ov7670_capture_axis_subset_converter_0_0' (7#1) [d:/FPGA/FPGA/digital_logic/ov7670_VGA/ov7670_VGA/ov7670_VGA.gen/sources_1/bd/ov7670_capture/ip/ov7670_capture_axis_subset_converter_0_0/hdl/tkeep_ov7670_capture_axis_subset_converter_0_0.v:48]
INFO: [Synth 8-6157] synthesizing module 'tlast_ov7670_capture_axis_subset_converter_0_0' [d:/FPGA/FPGA/digital_logic/ov7670_VGA/ov7670_VGA/ov7670_VGA.gen/sources_1/bd/ov7670_capture/ip/ov7670_capture_axis_subset_converter_0_0/hdl/tlast_ov7670_capture_axis_subset_converter_0_0.v:48]
	Parameter C_S_AXIS_TID_WIDTH bound to: 1 - type: integer 
	Parameter C_S_AXIS_TUSER_WIDTH bound to: 1 - type: integer 
	Parameter C_S_AXIS_TDATA_WIDTH bound to: 16 - type: integer 
	Parameter C_S_AXIS_TDEST_WIDTH bound to: 1 - type: integer 
INFO: [Synth 8-6155] done synthesizing module 'tlast_ov7670_capture_axis_subset_converter_0_0' (8#1) [d:/FPGA/FPGA/digital_logic/ov7670_VGA/ov7670_VGA/ov7670_VGA.gen/sources_1/bd/ov7670_capture/ip/ov7670_capture_axis_subset_converter_0_0/hdl/tlast_ov7670_capture_axis_subset_converter_0_0.v:48]
INFO: [Synth 8-6155] done synthesizing module 'top_ov7670_capture_axis_subset_converter_0_0' (9#1) [d:/FPGA/FPGA/digital_logic/ov7670_VGA/ov7670_VGA/ov7670_VGA.gen/sources_1/bd/ov7670_capture/ip/ov7670_capture_axis_subset_converter_0_0/hdl/top_ov7670_capture_axis_subset_converter_0_0.v:60]
INFO: [Synth 8-6155] done synthesizing module 'ov7670_capture_axis_subset_converter_0_0' (10#1) [d:/FPGA/FPGA/digital_logic/ov7670_VGA/ov7670_VGA/ov7670_VGA.gen/sources_1/bd/ov7670_capture/ip/ov7670_capture_axis_subset_converter_0_0/synth/ov7670_capture_axis_subset_converter_0_0.v:58]
---------------------------------------------------------------------------------
Finished RTL Elaboration : Time (s): cpu = 00:00:05 ; elapsed = 00:00:06 . Memory (MB): peak = 1131.430 ; gain = 35.438
---------------------------------------------------------------------------------
---------------------------------------------------------------------------------
Start Handling Custom Attributes
---------------------------------------------------------------------------------
---------------------------------------------------------------------------------
Finished Handling Custom Attributes : Time (s): cpu = 00:00:06 ; elapsed = 00:00:06 . Memory (MB): peak = 1131.430 ; gain = 35.438
---------------------------------------------------------------------------------
---------------------------------------------------------------------------------
Finished RTL Optimization Phase 1 : Time (s): cpu = 00:00:06 ; elapsed = 00:00:06 . Memory (MB): peak = 1131.430 ; gain = 35.438
---------------------------------------------------------------------------------
Netlist sorting complete. Time (s): cpu = 00:00:00 ; elapsed = 00:00:00.001 . Memory (MB): peak = 1131.430 ; gain = 0.000
INFO: [Project 1-570] Preparing netlist for logic optimization

Processing XDC Constraints
Initializing timing engine
Parsing XDC File [d:/FPGA/FPGA/digital_logic/ov7670_VGA/ov7670_VGA/ov7670_VGA.gen/sources_1/bd/ov7670_capture/ip/ov7670_capture_axis_subset_converter_0_0/ov7670_capture_axis_subset_converter_0_0_ooc.xdc] for cell 'inst'
Finished Parsing XDC File [d:/FPGA/FPGA/digital_logic/ov7670_VGA/ov7670_VGA/ov7670_VGA.gen/sources_1/bd/ov7670_capture/ip/ov7670_capture_axis_subset_converter_0_0/ov7670_capture_axis_subset_converter_0_0_ooc.xdc] for cell 'inst'
Parsing XDC File [D:/FPGA/FPGA/digital_logic/ov7670_VGA/ov7670_VGA/ov7670_VGA.runs/ov7670_capture_axis_subset_converter_0_0_synth_1/dont_touch.xdc]
Finished Parsing XDC File [D:/FPGA/FPGA/digital_logic/ov7670_VGA/ov7670_VGA/ov7670_VGA.runs/ov7670_capture_axis_subset_converter_0_0_synth_1/dont_touch.xdc]
Completed Processing XDC Constraints

Netlist sorting complete. Time (s): cpu = 00:00:00 ; elapsed = 00:00:00 . Memory (MB): peak = 1165.625 ; gain = 0.000
INFO: [Project 1-111] Unisim Transformation Summary:
No Unisim elements were transformed.

Constraint Validation Runtime : Time (s): cpu = 00:00:00 ; elapsed = 00:00:00.013 . Memory (MB): peak = 1177.133 ; gain = 11.508
---------------------------------------------------------------------------------
Finished Constraint Validation : Time (s): cpu = 00:00:10 ; elapsed = 00:00:11 . Memory (MB): peak = 1177.133 ; gain = 81.141
---------------------------------------------------------------------------------
---------------------------------------------------------------------------------
Start Loading Part and Timing Information
---------------------------------------------------------------------------------
Loading part: xc7z010clg400-1
---------------------------------------------------------------------------------
Finished Loading Part and Timing Information : Time (s): cpu = 00:00:10 ; elapsed = 00:00:11 . Memory (MB): peak = 1177.133 ; gain = 81.141
---------------------------------------------------------------------------------
---------------------------------------------------------------------------------
Start Applying 'set_property' XDC Constraints
---------------------------------------------------------------------------------
Applied set_property KEEP_HIERARCHY = SOFT for inst. (constraint file  D:/FPGA/FPGA/digital_logic/ov7670_VGA/ov7670_VGA/ov7670_VGA.runs/ov7670_capture_axis_subset_converter_0_0_synth_1/dont_touch.xdc, line 9).
---------------------------------------------------------------------------------
Finished applying 'set_property' XDC Constraints : Time (s): cpu = 00:00:10 ; elapsed = 00:00:11 . Memory (MB): peak = 1177.133 ; gain = 81.141
---------------------------------------------------------------------------------
---------------------------------------------------------------------------------
Finished RTL Optimization Phase 2 : Time (s): cpu = 00:00:10 ; elapsed = 00:00:11 . Memory (MB): peak = 1177.133 ; gain = 81.141
---------------------------------------------------------------------------------
---------------------------------------------------------------------------------
Start RTL Component Statistics 
---------------------------------------------------------------------------------
Detailed RTL Component Info : 
---------------------------------------------------------------------------------
Finished RTL Component Statistics 
---------------------------------------------------------------------------------
---------------------------------------------------------------------------------
Start Part Resource Summary
---------------------------------------------------------------------------------
Part Resources:
DSPs: 80 (col length:40)
BRAMs: 120 (col length: RAMB18 40 RAMB36 20)
---------------------------------------------------------------------------------
Finished Part Resource Summary
---------------------------------------------------------------------------------
---------------------------------------------------------------------------------
Start Cross Boundary and Area Optimization
---------------------------------------------------------------------------------
---------------------------------------------------------------------------------
Finished Cross Boundary and Area Optimization : Time (s): cpu = 00:00:11 ; elapsed = 00:00:12 . Memory (MB): peak = 1177.133 ; gain = 81.141
---------------------------------------------------------------------------------
---------------------------------------------------------------------------------
Start Applying XDC Timing Constraints
---------------------------------------------------------------------------------
---------------------------------------------------------------------------------
Finished Applying XDC Timing Constraints : Time (s): cpu = 00:00:15 ; elapsed = 00:00:16 . Memory (MB): peak = 1206.469 ; gain = 110.477
---------------------------------------------------------------------------------
---------------------------------------------------------------------------------
Start Timing Optimization
---------------------------------------------------------------------------------
---------------------------------------------------------------------------------
Finished Timing Optimization : Time (s): cpu = 00:00:15 ; elapsed = 00:00:16 . Memory (MB): peak = 1206.469 ; gain = 110.477
---------------------------------------------------------------------------------
---------------------------------------------------------------------------------
Start Technology Mapping
---------------------------------------------------------------------------------
---------------------------------------------------------------------------------
Finished Technology Mapping : Time (s): cpu = 00:00:15 ; elapsed = 00:00:16 . Memory (MB): peak = 1225.598 ; gain = 129.605
---------------------------------------------------------------------------------
---------------------------------------------------------------------------------
Start IO Insertion
---------------------------------------------------------------------------------
---------------------------------------------------------------------------------
Start Flattening Before IO Insertion
---------------------------------------------------------------------------------
---------------------------------------------------------------------------------
Finished Flattening Before IO Insertion
---------------------------------------------------------------------------------
---------------------------------------------------------------------------------
Start Final Netlist Cleanup
---------------------------------------------------------------------------------
---------------------------------------------------------------------------------
Finished Final Netlist Cleanup
---------------------------------------------------------------------------------
---------------------------------------------------------------------------------
Finished IO Insertion : Time (s): cpu = 00:00:17 ; elapsed = 00:00:18 . Memory (MB): peak = 1231.340 ; gain = 135.348
---------------------------------------------------------------------------------
---------------------------------------------------------------------------------
Start Renaming Generated Instances
---------------------------------------------------------------------------------
---------------------------------------------------------------------------------
Finished Renaming Generated Instances : Time (s): cpu = 00:00:17 ; elapsed = 00:00:18 . Memory (MB): peak = 1231.340 ; gain = 135.348
---------------------------------------------------------------------------------
---------------------------------------------------------------------------------
Start Rebuilding User Hierarchy
---------------------------------------------------------------------------------
---------------------------------------------------------------------------------
Finished Rebuilding User Hierarchy : Time (s): cpu = 00:00:17 ; elapsed = 00:00:18 . Memory (MB): peak = 1231.340 ; gain = 135.348
---------------------------------------------------------------------------------
---------------------------------------------------------------------------------
Start Renaming Generated Ports
---------------------------------------------------------------------------------
---------------------------------------------------------------------------------
Finished Renaming Generated Ports : Time (s): cpu = 00:00:17 ; elapsed = 00:00:18 . Memory (MB): peak = 1231.340 ; gain = 135.348
---------------------------------------------------------------------------------
---------------------------------------------------------------------------------
Start Handling Custom Attributes
---------------------------------------------------------------------------------
---------------------------------------------------------------------------------
Finished Handling Custom Attributes : Time (s): cpu = 00:00:17 ; elapsed = 00:00:18 . Memory (MB): peak = 1231.340 ; gain = 135.348
---------------------------------------------------------------------------------
---------------------------------------------------------------------------------
Start Renaming Generated Nets
---------------------------------------------------------------------------------
---------------------------------------------------------------------------------
Finished Renaming Generated Nets : Time (s): cpu = 00:00:17 ; elapsed = 00:00:18 . Memory (MB): peak = 1231.340 ; gain = 135.348
---------------------------------------------------------------------------------
---------------------------------------------------------------------------------
Start Writing Synthesis Report
---------------------------------------------------------------------------------

Report BlackBoxes: 
+-+--------------+----------+
| |BlackBox name |Instances |
+-+--------------+----------+
+-+--------------+----------+

Report Cell Usage: 
+-+-----+------+
| |Cell |Count |
+-+-----+------+
+-+-----+------+
---------------------------------------------------------------------------------
Finished Writing Synthesis Report : Time (s): cpu = 00:00:17 ; elapsed = 00:00:18 . Memory (MB): peak = 1231.340 ; gain = 135.348
---------------------------------------------------------------------------------
Synthesis finished with 0 errors, 0 critical warnings and 0 warnings.
Synthesis Optimization Runtime : Time (s): cpu = 00:00:10 ; elapsed = 00:00:16 . Memory (MB): peak = 1231.340 ; gain = 89.645
Synthesis Optimization Complete : Time (s): cpu = 00:00:17 ; elapsed = 00:00:18 . Memory (MB): peak = 1231.340 ; gain = 135.348
INFO: [Project 1-571] Translating synthesized netlist
Netlist sorting complete. Time (s): cpu = 00:00:00 ; elapsed = 00:00:00.001 . Memory (MB): peak = 1231.340 ; gain = 0.000
INFO: [Project 1-570] Preparing netlist for logic optimization
INFO: [Opt 31-138] Pushed 0 inverter(s) to 0 load pin(s).
Netlist sorting complete. Time (s): cpu = 00:00:00 ; elapsed = 00:00:00 . Memory (MB): peak = 1249.617 ; gain = 0.000
INFO: [Project 1-111] Unisim Transformation Summary:
No Unisim elements were transformed.

INFO: [Common 17-83] Releasing license: Synthesis
35 Infos, 2 Warnings, 2 Critical Warnings and 0 Errors encountered.
synth_design completed successfully
synth_design: Time (s): cpu = 00:00:23 ; elapsed = 00:00:26 . Memory (MB): peak = 1253.637 ; gain = 157.645
INFO: [Common 17-1381] The checkpoint 'D:/FPGA/FPGA/digital_logic/ov7670_VGA/ov7670_VGA/ov7670_VGA.runs/ov7670_capture_axis_subset_converter_0_0_synth_1/ov7670_capture_axis_subset_converter_0_0.dcp' has been generated.
WARNING: [Common 17-576] 'use_project_ipc' is deprecated. This option is deprecated and no longer used.
INFO: [Coretcl 2-1648] Added synthesis output to IP cache for IP ov7670_capture_axis_subset_converter_0_0, cache-ID = e952770edf2697ab
INFO: [Common 17-1381] The checkpoint 'D:/FPGA/FPGA/digital_logic/ov7670_VGA/ov7670_VGA/ov7670_VGA.runs/ov7670_capture_axis_subset_converter_0_0_synth_1/ov7670_capture_axis_subset_converter_0_0.dcp' has been generated.
INFO: [runtcl-4] Executing : report_utilization -file ov7670_capture_axis_subset_converter_0_0_utilization_synth.rpt -pb ov7670_capture_axis_subset_converter_0_0_utilization_synth.pb
INFO: [Common 17-206] Exiting Vivado at Sat Dec 20 17:10:14 2025...
